 [1mApple M2 Pro[m                                          [38;5;3m‖ paused[m   [38;5;8m◀ [m[38;5;3m▮[m[38;5;3m▮[m[38;5;3m▮[m[38;5;3m▮[m[38;5;3m▮[m[38;5;3m▮[m[38;5;3m▮[m[38;5;3m▮[m[38;5;3m▮[m[38;5;1m▲[m[38;5;3m▮[m[38;5;3m▮[m[38;5;3m▮[m[38;5;3m▮[m[38;5;3m▮[m[38;5;3m▮[m[38;5;3m▮[m[38;5;3m▮[m[38;5;3m▮[m[38;5;3m▮[m[38;5;3m▮[m[38;5;3m▮[m[38;5;3m▮[m[38;5;8m▯[m[38;5;8m▯[m[38;5;8m▯[m[38;5;8m▯[m[38;5;8m▯[m[38;5;8m▯[m[38;5;8m▯[m[38;5;8m ▶[m[38;5;8m  t−23m  ·  1h  ·  1 alert   tiles 1/10[m
 [38;5;8m┏━[m[1m cpu [m[38;5;8m━━━━━━━[m[38;5;8m━┓[m [38;5;8m┏━[m[1m gpu [m[38;5;8m━━━━━━━[m[38;5;8m━┓[m [38;5;8m┏━[m[1m power [m[38;5;8m━━━━━[m[38;5;8m━┓[m [38;5;8m┏━[m[1m mem [m[38;5;8m━━━━━━━[m[38;5;8m━┓[m [38;5;8m┏━[m[1m temp [m[38;5;8m━━━━━━[m[38;5;8m━┓[m [38;5;8m┏━[m[1m ↓ cf [m[38;5;8m━━━━━━[m[38;5;8m━┓[m [38;5;8m┏━[m[1m ↑ cf [m[38;5;8m━━━━━━[m[38;5;8m━┓[m [38;5;8m┏━[m[1m ping [m[38;5;8m━━━━━━━━━[m[38;5;8m━┓[m
 [38;5;8m┃[m     [1m 37%[m     [38;5;8m┃[m [38;5;8m┃[m     [1m  9%[m     [38;5;8m┃[m [38;5;8m┃[m    [1m24.9 W[m    [38;5;8m┃[m [38;5;8m┃[m     [1m 80%[m     [38;5;8m┃[m [38;5;8m┃[m     [1m66°[m      [38;5;8m┃[m [38;5;8m┃[m   [1m327 Mbps[m   [38;5;8m┃[m [38;5;8m┃[m   [1m109 Mbps[m   [38;5;8m┃[m [38;5;8m┃[m     [1m313 ms[m      [38;5;8m┃[m
 [38;5;8m┃[m [38;5;6m▅▅▅▅▄▅▅▅▄▄▄▄[m [38;5;8m┃[m [38;5;8m┃[m [38;5;4m▁▂▂▁▁▂▁▂▁▁▁▂[m [38;5;8m┃[m [38;5;8m┃[m [38;5;5m▆▆█▇▆▆▆▇▆▆▆▆[m [38;5;8m┃[m [38;5;8m┃[m [38;5;14m▆▆▆▆▆▆▆▇▇▇▇▇[m [38;5;8m┃[m [38;5;8m┃[m [38;5;13m▅▅▅▅▅▅▅▅▅▅▅▅[m [38;5;8m┃[m [38;5;8m┃[m [38;5;12m▇▅▇▇▇▇▇███▇█[m [38;5;8m┃[m [38;5;8m┃[m [38;5;7m▆▂▆██▇▆█████[m [38;5;8m┃[m [38;5;8m┃[m [38;5;8m▃▇▃▂▃▂▃▂▂▃▂▂▂▂█[m [38;5;8m┃[m
 [38;5;8m┗━━━━━━━━━━━━━━┛[m [38;5;8m┗━━━━━━━━━━━━━━┛[m [38;5;8m┗━━━━━━━━━━━━━━┛[m [38;5;8m┗━━━━━━━━━━━━━━┛[m [38;5;8m┗━━━━━━━━━━━━━━┛[m [38;5;8m┗━━━━━━━━━━━━━━┛[m [38;5;8m┗━━━━━━━━━━━━━━┛[m [38;5;8m┗━━━━━━━━━━━━━━━━━┛[m
 [38;5;8m┏━[m[1m cpu [m[38;5;8m━━━━━━━━━━━━━━━━━━━━━━━━━━━━━━━━━━━━━━━━━━━━━━━━━━━━━[m [1m 37%[m [38;5;8m━┓[m [38;5;8m┏━[m[1m gpu [m[38;5;8m━━━━━━━━━━━━━━━━━━━━━━━━━━━━━━━━━━━━━━━━━━━━━━━━━━━━━━[m [1m  9%[m [38;5;8m━┓[m
 [38;5;8m┃[m [38;5;8m E [m2424[38;5;8m · P [m3504[38;5;8m MHz[m                                             [38;5;8m┃[m [38;5;8m┃[m [38;5;8m 16 cores  ·  [m 444 MHz[38;5;8m  ·  ANE [m  0%                               [38;5;8m┃[m
 [38;5;8m┃[m [38;5;8m  100% [m[38;5;6m⠀⠀⠀⠀⠀⠀⠀⠀⠀⠀⠀⠀⠀⠀⠀⠀⠀⠀⠀⠀⠀⠀⠀⠀⠀⠀⠀⠀⠀⠀⠀⠀⠀⠀⠀⠀⠀⠀⠀⠀⠀⠀⠀⠀⠀⠀⠀⠀⠀⠀⠀⠀⠀⠀⠀⠀⠀[m [38;5;8m┃[m [38;5;8m┃[m [38;5;8m  100% [m[38;5;4m⠀⠀⠀⠀⠀⠀⠀⠀⠀⠀⠀⠀⠀⠀⠀⠀⠀⠀⠀⠀⠀⠀⠀⠀⠀⠀⠀⠀⠀⠀⠀⠀⠀⠀⠀⠀⠀⠀⠀⠀⠀⠀⠀⠀⠀⠀⠀⠀⠀⠀⠀⠀⠀⠀⠀⠀⠀⠀[m [38;5;8m┃[m
 [38;5;8m┃[m [38;5;8m       [m[38;5;6m⠀⠀⠀⠀⠀⠀⠀⠀⠀⠀⠀⠀⠀⠀⠀⠀⠀⠀⠀⠀⠀⠀⠀⠀⠀⠀⠀⠀⠀⠀⠀⠀⠀⠀⠀⠀⠀⠀⠀⠀⠀⠀⠀⠀⠀⠀⠀⠀⠀⠀⠀⠀⠀⠀⠀⠀⠀[m [38;5;8m┃[m [38;5;8m┃[m [38;5;8m       [m[38;5;4m⠀⠀⠀⠀⠀⠀⠀⠀⠀⠀⠀⠀⠀⠀⠀⠀⠀⠀⠀⠀⠀⠀⠀⠀⠀⠀⠀⠀⠀⠀⠀⠀⠀⠀⠀⠀⠀⠀⠀⠀⠀⠀⠀⠀⠀⠀⠀⠀⠀⠀⠀⠀⠀⠀⠀⠀⠀⠀[m [38;5;8m┃[m
 [38;5;8m┃[m [38;5;8m       [m[38;5;6m⠀⠀⠀⠀⠀⠀⠀⠀⠀⠀⠀⠀⠀⠀⠀⠀⠀⠀⠀⠀⠀⠀⠀⠀⠀⠀⠀⠀⠀⠀⠀⠀⠀⠀⠀⠀⠀⠀⠀⠀⠀⠀⠀⠀⢀⡀⠀⠀⠀⠀⠀⣦⣄⢠⡄⠀⠀[m [38;5;8m┃[m [38;5;8m┃[m [38;5;8m       [m[38;5;4m⠀⠀⠀⠀⠀⠀⠀⠀⠀⠀⠀⠀⠀⠀⠀⠀⠀⠀⠀⠀⠀⠀⠀⠀⠀⠀⠀⠀⠀⠀⠀⠀⠀⠀⠀⠀⠀⠀⠀⠀⠀⠀⠀⠀⠀⠀⠀⠀⠀⠀⠀⠀⠀⠀⠀⠀⠀⠀[m [38;5;8m┃[m
 [38;5;8m┃[m [38;5;8m       [m[38;5;6m⠀⠀⠀⠀⠀⠀⠀⠀⠀⠀⠀⠀⠀⠀⠀⠀⠀⠀⠀⠀⠀⠀⠀⠀⠀⠀⠀⠀⠀⠀⠀⠀⠀⠀⠀⠀⠀⠀⡀⠀⢀⠀⠀⠀⣾⣿⣦⡀⠀⠀⢀⣿⣿⣸⣿⣄⣀[m [38;5;8m┃[m [38;5;8m┃[m [38;5;8m       [m[38;5;4m⠀⠀⠀⠀⠀⠀⠀⠀⠀⠀⠀⠀⠀⠀⠀⠀⠀⠀⠀⠀⠀⠀⠀⠀⠀⠀⠀⠀⠀⠀⠀⠀⠀⠀⠀⠀⠀⠀⠀⠀⠀⠀⠀⠀⠀⠀⠀⠀⠀⠀⠀⠀⠀⠀⠀⠀⠀⠀[m [38;5;8m┃[m
 [38;5;8m┃[m [38;5;8m       [m[38;5;6m⠀⠀⠀⠀⠀⠀⠀⠀⠀⠀⠀⠀⠀⠀⠀⠀⠀⠀⠀⠀⠀⠀⠀⠀⠀⠀⠀⠀⠀⣶⣶⣶⣷⣶⣷⣾⣷⣾⣿⣶⣿⣾⣿⣶⣿⣿⣿⣿⣾⣷⣾⣿⣿⣿⣿⣿⣿[m [38;5;8m┃[m [38;5;8m┃[m [38;5;8m       [m[38;5;4m⠀⠀⠀⠀⠀⠀⠀⠀⠀⠀⠀⠀⠀⠀⠀⠀⠀⠀⠀⠀⠀⠀⠀⠀⠀⠀⠀⠀⠀⠀⠀⠀⠀⠀⠀⠀⠀⠀⠀⠀⠀⠀⠀⠀⠀⠀⠀⠀⠀⠀⠀⠀⠀⠀⠀⠀⠀⠀[m [38;5;8m┃[m
 [38;5;8m┃[m [38;5;8m       [m[38;5;6m⠀⠀⠀⠀⠀⠀⠀⠀⠀⠀⠀⠀⠀⠀⠀⠀⠀⠀⠀⠀⠀⠀⠀⠀⠀⠀⠀⠀⠀⣿⣿⣿⣿⣿⣿⣿⣿⣿⣿⣿⣿⣿⣿⣿⣿⣿⣿⣿⣿⣿⣿⣿⣿⣿⣿⣿⣿[m [38;5;8m┃[m [38;5;8m┃[m [38;5;8m       [m[38;5;4m⠀⠀⠀⠀⠀⠀⠀⠀⠀⠀⠀⠀⠀⠀⠀⠀⠀⠀⠀⠀⠀⠀⠀⠀⠀⠀⠀⠀⠀⠀⣀⣀⣀⣀⣀⣀⣀⣀⣀⣀⣀⣀⣀⣀⣀⣀⣼⣿⣄⣀⣀⣀⣠⣇⣠⣰⣀⣠[m [38;5;8m┃[m
 [38;5;8m┗━━━━━━━━━━━━━━━━━━━━━━━━━━━━━━━━━━━━━━━━━━━━━━━━━━━━━━━━━━━━━━━━━━┛[m [38;5;8m┗━━━━━━━━━━━━━━━━━━━━━━━━━━━━━━━━━━━━━━━━━━━━━━━━━━━━━━━━━━━━━━━━━━━┛[m
 [38;5;8m┏━[m[1m cores [m[38;5;8m━━━━━━━━━━━━━━━━━━━━━━━━━━━━━━━━━━━━━━━━━━━━━━━━━━━━━━━━━[m[38;5;8m━┓[m [38;5;8m┏━[m[1m power [m[38;5;8m━━━━━━━━━━━━━━━━━━━━━━━━━━━━━━━━━━━━━━━━━━━━━━━━━━[m [1m24.9 W[m [38;5;8m━┓[m
 [38;5;8m┃[m [38;5;8mE1 [m[38;5;3m■■■■■■■■■■■■[m[38;5;8m··········[m  54%   [38;5;8mE2 [m[38;5;2m■■■■■■■■■■[m[38;5;8m············[m  44%  [38;5;8m┃[m [38;5;8m┃[m [38;5;8m system [m24.9[38;5;8m W  ·  GPU [m0.1[38;5;8m W[m                                      [38;5;8m┃[m
 [38;5;8m┃[m [38;5;8mE3 [m[38;5;2m■■■■■■■■■[m[38;5;8m·············[m  39%   [38;5;8mE4 [m[38;5;2m■■■■■■■■■[m[38;5;8m·············[m  39%  [38;5;8m┃[m [38;5;8m┃[m [38;5;8m 32.1W [m[38;5;5m⠀⠀⠀⠀⠀⠀⠀⠀⠀⠀⠀⠀⠀⠀⠀⠀⠀⠀⠀⠀⠀⠀⠀⠀⠀⠀⠀⠀⠀⠀⠀⠀⠀⠀⠀⠀⠀⠀⠀⠀⠀⠀⠀⠀⠀⠀⢀⡀⣠⡀⠀⠀⠀⣧⠀⢠⠀⠀[m [38;5;8m┃[m
 [38;5;8m┃[m [38;5;8mP1 [m[38;5;2m■■[m[38;5;8m····················[m   8%   [38;5;8mP2 [m[38;5;2m[m[38;5;8m······················[m   2%  [38;5;8m┃[m [38;5;8m┃[m [38;5;8m       [m[38;5;5m⠀⠀⠀⠀⠀⠀⠀⠀⠀⠀⠀⠀⠀⠀⠀⠀⠀⠀⠀⠀⠀⠀⠀⠀⠀⠀⠀⠀⠀⠀⣷⣾⣦⣶⣶⣴⣶⣶⣷⣷⣧⣶⣦⣾⣼⣶⣾⣿⣿⣿⣿⣷⣾⣿⣷⣿⣿⣿[m [38;5;8m┃[m
 [38;5;8m┃[m [38;5;8mP3 [m[38;5;2m[m[38;5;8m······················[m   1%   [38;5;8mP4 [m[38;5;3m■■■■■■■■■■■■■■■■[m[38;5;8m······[m  73%  [38;5;8m┃[m [38;5;8m┃[m [38;5;8m       [m[38;5;5m⠀⠀⠀⠀⠀⠀⠀⠀⠀⠀⠀⠀⠀⠀⠀⠀⠀⠀⠀⠀⠀⠀⠀⠀⠀⠀⠀⠀⠀⠀⣿⣿⣿⣿⣿⣿⣿⣿⣿⣿⣿⣿⣿⣿⣿⣿⣿⣿⣿⣿⣿⣿⣿⣿⣿⣿⣿⣿[m [38;5;8m┃[m
 [38;5;8m┃[m [38;5;8mP5 [m[38;5;3m■■■■■■■■■■■■■■[m[38;5;8m········[m  63%   [38;5;8mP6 [m[38;5;3m■■■■■■■■■■■[m[38;5;8m···········[m  51%  [38;5;8m┃[m [38;5;8m┃[m [38;5;8m       [m[38;5;5m⠀⠀⠀⠀⠀⠀⠀⠀⠀⠀⠀⠀⠀⠀⠀⠀⠀⠀⠀⠀⠀⠀⠀⠀⠀⠀⠀⠀⠀⠀⣿⣿⣿⣿⣿⣿⣿⣿⣿⣿⣿⣿⣿⣿⣿⣿⣿⣿⣿⣿⣿⣿⣿⣿⣿⣿⣿⣿[m [38;5;8m┃[m
 [38;5;8m┗━━━━━━━━━━━━━━━━━━━━━━━━━━━━━━━━━━━━━━━━━━━━━━━━━━━━━━━━━━━━━━━━━━┛[m [38;5;8m┗━━━━━━━━━━━━━━━━━━━━━━━━━━━━━━━━━━━━━━━━━━━━━━━━━━━━━━━━━━━━━━━━━━━┛[m
 [38;5;8m┏━[m[1m processes [m[38;5;8m━━━━━━━━━━━━━━━━━━━━━━━━━━━━━━━━━━━━━━━━━━━━━━━━━━━━━━━━━━━━━━━━━━━━━━━━━━━━━[m[38;5;8m━┓[m [38;5;8m┏━[m[1m memory [m[38;5;8m━━━━━━━━━━━━━━━━━━━━━━━━━━━[m [1m 80%[m [38;5;8m━┓[m
 [38;5;8m┃[m [1m PID     COMMAND                                  CPU%   GPU ms/s    MEM%        RSS[m     [38;5;8m┃[m [38;5;8m┃[m 12.9[38;5;8m / 16.0 GB[m          [38;5;8mswap 0.0 / 0.0 GB[m [38;5;8m┃[m
 [38;5;8m┃[m [38;5;8m 900     [mreplayd                                 175.1        0.0[38;5;8m     0.1      11 MB[m     [38;5;8m┃[m [38;5;8m┃[m [38;5;1m■■■■■■■■■■■■■■■■■■■■■■■■■■■■■■■■■[m[38;5;8m········[m [38;5;8m┃[m
 [38;5;8m┃[m [38;5;8m 960     [mNotificationCenter                       17.1        0.0[38;5;8m     0.3      57 MB[m     [38;5;8m┃[m [38;5;8m┃[m [38;5;8m DRAM[m  ↓ 10.8  ↑ 0.9 GB/s                 [38;5;8m┃[m
 [38;5;8m┃[m [38;5;8m 33239   [mmactop                                   16.3        0.0[38;5;8m     0.3      51 MB[m     [38;5;8m┃[m [38;5;8m┗━━━━━━━━━━━━━━━━━━━━━━━━━━━━━━━━━━━━━━━━━━━┛[m
 [38;5;8m┃[m [38;5;8m 66522   [mmactop                                   14.0        0.0[38;5;8m     0.3      51 MB[m     [38;5;8m┃[m [38;5;8m┏━[m[1m sensors [m[38;5;8m━━━━━━━━━━━━━━━━━━━━━━━━━━━━━━━━[m[38;5;8m━┓[m
 [38;5;8m┃[m [38;5;8m 94736   [mmactop                                   14.0        0.0[38;5;8m     0.3      49 MB[m     [38;5;8m┃[m [38;5;8m┃[m [38;5;8m CPU [m66°[38;5;8m   GPU [m59°                        [38;5;8m┃[m
 [38;5;8m┃[m [38;5;8m 27755   [m2.1.283                                   3.6        0.0[38;5;8m     1.7     285 MB[m     [38;5;8m┃[m [38;5;8m┃[m [38;5;8m thermal [mNominal[38;5;8m   fan [m2335 rpm           [38;5;8m┃[m
 [38;5;8m┃[m [38;5;8m 33234   [mzsh                                       3.5        0.0[38;5;8m     0.0       3 MB[m     [38;5;8m┃[m [38;5;8m┃[m [38;5;8m battery [m80%                              [38;5;8m┃[m
 [38;5;8m┃[m [38;5;8m 5221    [mmactop                                    3.1        0.0[38;5;8m     0.2      38 MB[m     [38;5;8m┃[m [38;5;8m┗━━━━━━━━━━━━━━━━━━━━━━━━━━━━━━━━━━━━━━━━━━━┛[m
 [38;5;8m┃[m [38;5;8m 994     [msearchpartyuseragent                      2.8        0.0[38;5;8m     0.2      27 MB[m     [38;5;8m┃[m [38;5;8m┏━[m[1m io [m[38;5;8m━━━━━━━━━━━━━━━━━━━━━━━━━━━━━━━━━━━━━[m[38;5;8m━┓[m
 [38;5;8m┃[m [38;5;8m 1631    [mtextcomposerd                             2.3        0.0[38;5;8m     0.1      24 MB[m     [38;5;8m┃[m [38;5;8m┃[m [38;5;8m NET  [m↓ 840.6 B/s  ↑ 840.6 B/s            [38;5;8m┃[m
 [38;5;8m┃[m [38;5;8m 834     [mBiomeAgent                                1.4        0.0[38;5;8m     0.1      11 MB[m     [38;5;8m┃[m [38;5;8m┃[m [38;5;8m DISK [mr 2.5 M/s  w 0.0 B/s                [38;5;8m┃[m
 [38;5;8m┃[m [38;5;8m 65500   [m2.1.283                                   1.3        0.0[38;5;8m     0.7     109 MB[m     [38;5;8m┃[m [38;5;8m┃[m [38;5;8m Mac HD      [m[38;5;3m■■■■■■■■■■■■■■■■[m[38;5;8m·····[m  76%   [38;5;8m┃[m
 [38;5;8m┃[m [38;5;8m 67016   [m2.1.283                                   1.0        0.0[38;5;8m     1.3     213 MB[m     [38;5;8m┃[m [38;5;8m┗━━━━━━━━━━━━━━━━━━━━━━━━━━━━━━━━━━━━━━━━━━━┛[m
 [38;5;8m┃[m [38;5;8m 44846   [m2.1.283                                   0.7        0.0[38;5;8m     1.2     190 MB[m     [38;5;8m┃[m [38;5;8m┏━[m[1m cloudflare [m[38;5;8m━━━━━━━━━━━━━━━━━━━━[m [38;5;8m21h ago[m [38;5;8m━┓[m
 [38;5;8m┃[m [38;5;8m 32507   [mghostty                                   0.6        8.1[38;5;8m     0.7     112 MB[m     [38;5;8m┃[m [38;5;8m┃[m [1m↓ 327[m[38;5;8m Mbps[m   [1m↑ 109[m[38;5;8m Mbps[m                   [38;5;8m┃[m
 [38;5;8m┃[m [38;5;8m 1066    [mlogioptionsplus_agent                     0.6        0.0[38;5;8m     0.5      80 MB[m     [38;5;8m┃[m [38;5;8m┃[m [38;5;8m ping [m313 ms[38;5;8m  jitter [m184 ms[38;5;8m  loss [m0%      [38;5;8m┃[m
 [38;5;8m┃[m [38;5;8m 60437   [mChatGPT                                   0.5        0.0[38;5;8m     1.6     256 MB[m     [38;5;8m┃[m [38;5;8m┃[m  loaded ↓ 103 ↑ 86 ms   bloat A+  stable… [38;5;8m┃[m
 [38;5;8m┃[m [38;5;8m 10755   [m2.1.283                                   0.5        0.0[38;5;8m     0.6      98 MB[m     [38;5;8m┃[m [38;5;8m┃[m [38;5;8m ↓ hist [m[38;5;12m▆▇▆▆▇▅▇▇▇▇▇███▇█[m                  [38;5;8m┃[m
 [38;5;8m┗━━━━━━━━━━━━━━━━━━━━━━━━━━━━━━━━━━━━━━━━━━━━━━━━━━━━━━━━━━━━━━━━━━━━━━━━━━━━━━━━━━━━━━━━━━┛[m [38;5;8m┗━━━━━━━━━━━━━━━━━━━━━━━━━━━━━━━━━━━━━━━━━━━┛[m
