[m [m[1mApple M2 Pro[m[38;5;8m  ·  4E + 6P CPU  ·  16-core GPU[m                                                         [m[38;5;8msidebar 2/10   battery 80%   11:51:35[m
[m [m[38;5;3m▲ runaway: replayd (900) 176% cpu for 51s[m                                                                                                 [m
[m [m[38;5;8m╭─[m[1m Apple M2 Pro [m[38;5;8m─────────────────────╮[m [m[38;5;8m╭─[m[1m cpu [m[38;5;8m───────────────────────────────────────────────────────────────[m [m[38;5;8mE 2424 · P 3262 MHz[m  [m[1m 28%[m [m[38;5;8m─╮[m
[m [m[38;5;8m│[m [m[38;5;8mcpu    [m[1m 28%[m          [m[38;5;2m▰▰▰▰[m[38;5;8m▱▱▱▱▱▱▱▱▱[m [m[38;5;8m│[m [m[38;5;8m│[m [m[38;5;8m  100% [m[38;5;6m⠀⠀⠀⠀⠀⠀⠀⠀⠀⠀⠀⠀⠀⠀⠀⠀⠀⠀⠀⠀⠀⠀⠀⠀⠀⠀⠀⠀⠀⠀⠀⠀⠀⠀⠀⠀⠀⠀⠀⠀⠀⠀⠀⠀⠀⠀⠀⠀⠀⠀⠀⠀⠀⠀⠀⠀⠀⠀⠀⠀⠀⠀⠀⠀⠀⠀⠀⠀⠀⠀⠀⠀⠀⠀⠀⠀⠀⠀⠀⠀⠀⠀⠀⠀⠀⠀⠀⠀[m [m[38;5;8m│[m
[m [m[38;5;8m│[m [m[38;5;8mcores  [m[38;5;2m▄▃▂▂▄▄▃▄▃▃[m                  [m[38;5;8m│[m [m[38;5;8m│[m [m[38;5;8m       [m[38;5;6m⠀⠀⠀⠀⠀⠀⠀⠀⠀⠀⠀⠀⠀⠀⠀⠀⠀⠀⠀⠀⠀⠀⠀⠀⠀⠀⠀⠀⠀⠀⠀⠀⠀⠀⠀⠀⠀⠀⠀⠀⠀⠀⠀⠀⠀⠀⠀⠀⠀⠀⠀⠀⠀⠀⠀⠀⠀⠀⠀⠀⠀⠀⠀⠀⠀⠀⠀⠀⠀⠀⠀⠀⠀⠀⠀⠀⠀⠀⠀⠀⠀⠀⠀⠀⠀⠀⠀⠀[m [m[38;5;8m│[m
[m [m[38;5;8m│[m [m[38;5;8mgpu    [m[1m  2%[m          [m[38;5;8m▱▱▱▱▱▱▱▱▱▱▱▱▱[m [m[38;5;8m│[m [m[38;5;8m│[m [m[38;5;8m       [m[38;5;6m⠀⠀⠀⠀⠀⠀⠀⠀⠀⠀⠀⠀⠀⠀⠀⠀⠀⠀⠀⠀⠀⠀⠀⠀⠀⠀⠀⠀⠀⠀⠀⠀⠀⠀⠀⠀⠀⠀⠀⠀⠀⠀⠀⠀⠀⠀⠀⠀⠀⠀⠀⠀⠀⠀⠀⠀⠀⠀⢀⡀⠀⠀⠀⠀⠀⣦⣄⢠⡄⠀⠀⠀⠀⠀⠀⠀⠀⠀⠀⠀⣰⠀⠀⠀⠀⠀⠀⠀[m [m[38;5;8m│[m
[m [m[38;5;8m│[m [m[38;5;8mmem    [m[1m 75%[m          [m[38;5;3m▰▰▰▰▰▰▰▰▰▰[m[38;5;8m▱▱▱[m [m[38;5;8m│[m [m[38;5;8m│[m [m[38;5;8m       [m[38;5;6m⠀⠀⠀⠀⠀⠀⠀⠀⠀⠀⠀⠀⠀⠀⠀⠀⠀⠀⠀⠀⠀⠀⠀⠀⠀⠀⠀⠀⠀⠀⠀⠀⠀⠀⠀⠀⠀⠀⠀⠀⠀⠀⠀⠀⠀⠀⠀⠀⠀⠀⠀⠀⡀⠀⢀⠀⠀⠀⣾⣿⣦⡀⠀⠀⢀⣿⣿⣸⣿⣄⣀⠀⠀⠀⠀⠀⠀⠀⠀⠀⣿⣤⣸⣄⠀⠀⠀⠀[m [m[38;5;8m│[m
[m [m[38;5;8m│[m [m[38;5;8mpower  [m[1m15.9 W[m                      [m[38;5;8m│[m [m[38;5;8m│[m [m[38;5;8m       [m[38;5;6m⠀⠀⠀⠀⠀⠀⠀⠀⠀⠀⠀⠀⠀⠀⠀⠀⠀⠀⠀⠀⠀⠀⠀⠀⠀⠀⠀⠀⠀⠀⠀⠀⠀⠀⠀⠀⠀⠀⠀⠀⠀⠀⠀⣶⣶⣶⣷⣶⣷⣾⣷⣾⣿⣶⣿⣾⣿⣶⣿⣿⣿⣿⣾⣷⣾⣿⣿⣿⣿⣿⣿⣿⣿⣶⣶⣼⣶⣿⣦⣶⣿⣿⣿⣿⣿⣾⣾⣴[m [m[38;5;8m│[m
[m [m[38;5;8m│[m                                    [m[38;5;8m│[m [m[38;5;8m│[m [m[38;5;8m       [m[38;5;6m⠀⠀⠀⠀⠀⠀⠀⠀⠀⠀⠀⠀⠀⠀⠀⠀⠀⠀⠀⠀⠀⠀⠀⠀⠀⠀⠀⠀⠀⠀⠀⠀⠀⠀⠀⠀⠀⠀⠀⠀⠀⠀⠀⣿⣿⣿⣿⣿⣿⣿⣿⣿⣿⣿⣿⣿⣿⣿⣿⣿⣿⣿⣿⣿⣿⣿⣿⣿⣿⣿⣿⣿⣿⣿⣿⣿⣿⣿⣿⣿⣿⣿⣿⣿⣿⣿⣿⣿[m [m[38;5;8m│[m
[m [m[38;5;8m│[m [m[38;5;8mtemp   [m65°[m[38;5;8m cpu  [m58°[m[38;5;8m gpu[m            [m[38;5;8m│[m [m[38;5;8m╰─────────────────────────────────────────────────────────────────────────────────────────────────╯[m
[m [m[38;5;8m│[m [m[38;5;8mfan    [m2321[m[38;5;8m rpm · Nominal[m          [m[38;5;8m│[m [m[38;5;8m╭─[m[1m gpu [m[38;5;8m────────────────────────────────────────────────────────────────────────────────────[m [m[1m  2%[m [m[38;5;8m─╮[m
[m [m[38;5;8m│[m [m[38;5;8mnet    [m↓ 2.5 K/s ↑ 2.5 K/s         [m[38;5;8m│[m [m[38;5;8m│[m [m[38;5;8m 16 cores  ·  [m 444 MHz[m[38;5;8m  ·  ANE [m  0%                                                             [m[38;5;8m│[m
[m [m[38;5;8m│[m [m[38;5;8mdisk   [mr 213.3 K/s w 20.0 K/s      [m[38;5;8m│[m [m[38;5;8m│[m [m[38;5;8m  100% [m[38;5;4m⠀⠀⠀⠀⠀⠀⠀⠀⠀⠀⠀⠀⠀⠀⠀⠀⠀⠀⠀⠀⠀⠀⠀⠀⠀⠀⠀⠀⠀⠀⠀⠀⠀⠀⠀⠀⠀⠀⠀⠀⠀⠀⠀⠀⠀⠀⠀⠀⠀⠀⠀⠀⠀⠀⠀⠀⠀⠀⠀⠀⠀⠀⠀⠀⠀⠀⠀⠀⠀⠀⠀⠀⠀⠀⠀⠀⠀⠀⠀⠀⠀⠀⠀⠀⠀⠀⠀⠀[m [m[38;5;8m│[m
[m [m[38;5;8m│[m [m[38;5;8mMac HD [m76%           [m[38;5;3m▰▰▰▰▰▰▰▰▰▰[m[38;5;8m▱▱▱[m [m[38;5;8m│[m [m[38;5;8m│[m [m[38;5;8m       [m[38;5;4m⠀⠀⠀⠀⠀⠀⠀⠀⠀⠀⠀⠀⠀⠀⠀⠀⠀⠀⠀⠀⠀⠀⠀⠀⠀⠀⠀⠀⠀⠀⠀⠀⠀⠀⠀⠀⠀⠀⠀⠀⠀⠀⠀⠀⠀⠀⠀⠀⠀⠀⠀⠀⠀⠀⠀⠀⠀⠀⠀⠀⠀⠀⠀⠀⠀⠀⠀⠀⠀⠀⠀⠀⠀⠀⠀⠀⠀⠀⠀⠀⠀⠀⠀⠀⠀⠀⠀⠀[m [m[38;5;8m│[m
[m [m[38;5;8m│[m                                    [m[38;5;8m│[m [m[38;5;8m│[m [m[38;5;8m       [m[38;5;4m⠀⠀⠀⠀⠀⠀⠀⠀⠀⠀⠀⠀⠀⠀⠀⠀⠀⠀⠀⠀⠀⠀⠀⠀⠀⠀⠀⠀⠀⠀⠀⠀⠀⠀⠀⠀⠀⠀⠀⠀⠀⠀⠀⠀⠀⠀⠀⠀⠀⠀⠀⠀⠀⠀⠀⠀⠀⠀⠀⠀⠀⠀⠀⠀⠀⠀⠀⠀⠀⠀⠀⠀⠀⠀⠀⠀⠀⠀⠀⠀⠀⠀⠀⠀⠀⠀⠀⠀[m [m[38;5;8m│[m
[m [m[38;5;8m│[m [m[38;5;8m── cloudflare ────────────────────[m [m[38;5;8m│[m [m[38;5;8m│[m [m[38;5;8m       [m[38;5;4m⠀⠀⠀⠀⠀⠀⠀⠀⠀⠀⠀⠀⠀⠀⠀⠀⠀⠀⠀⠀⠀⠀⠀⠀⠀⠀⠀⠀⠀⠀⠀⠀⠀⠀⠀⠀⠀⠀⠀⠀⠀⠀⠀⣀⣀⣀⣀⣀⣀⣀⣀⣀⣀⣀⣀⣀⣀⣀⣀⣴⣶⣀⣀⣀⣀⣀⣆⣠⣠⣀⣀⣀⣄⣀⣀⣀⣀⣤⣀⣠⣠⣠⣸⣀⣀⢀⣀⣀[m [m[38;5;8m│[m
[m [m[38;5;8m│[m [m[38;5;8mspeed  [m[1m↓ 327[m[38;5;8m / [m[1m↑ 109[m[38;5;8m Mbps[m          [m[38;5;8m│[m [m[38;5;8m╰─────────────────────────────────────────────────────────────────────────────────────────────────╯[m
[m [m[38;5;8m│[m [m[38;5;8mping   [m313 ms[m[38;5;8m  jitter [m184 ms       [m[38;5;8m│[m [m[38;5;8m╭─[m[1m power [m[38;5;8m──╔═ [m[1msettings[m[38;5;8m ═══════════════════════╗──────────────────────────────────────────[m [m[1m15.9 W[m [m[38;5;8m─╮[m
[m [m[38;5;8m│[m [m[38;5;8mgrade  bloat [mA+[m[38;5;8m  stable [mF          [m[38;5;8m│[m [m[38;5;8m│[m [m[38;5;8m system [m1[m[38;5;8m║ [m[38;5;3m▸ [mlayout     [m[38;5;3m◂ [msidebar[m[38;5;3m ▸[m[38;5;8m         ║[m                                                   [m[38;5;8m│[m
[m [m[38;5;8m│[m [m[38;5;8mlast   21h ago · JAX · wi-fi[m       [m[38;5;8m│[m [m[38;5;8m│[m [m[38;5;8m 36.6W [m[38;5;5m⠀⠀[m[38;5;8m║   [mpalette    [m[38;5;8m◂ [mansi[m[38;5;8m ▸            ║[m[38;5;5m⠀⠀⠀⠀⠀⠀⠀⠀⠀⠀⠀⠀⠀⠀⠀⠀⠀⠀⠀⠀⠀⠀⠀⠀⠀⠀⠀⠀⣄⠀⠀⠀⠀⠀⠀⠀⠀⠀⠀⠀⠀⠀⠀⣷⠀⡀⠀⠀⠀⠀[m [m[38;5;8m│[m
[m [m[38;5;8m│[m                                    [m[38;5;8m│[m [m[38;5;8m│[m [m[38;5;8m       [m[38;5;5m⠀⠀[m[38;5;8m║   [minterval   [m[38;5;8m◂ [m1000 ms[m[38;5;8m ▸         ║[m[38;5;5m⠀⠀⠀⠀⠀⣆⣠⣀⣠⣄⣠⣄⣀⣄⣤⣆⣠⣄⣰⣠⣠⣰⣶⣿⣦⣶⣄⣠⣿⣤⣾⣶⣶⣴⣶⣤⣀⣄⣠⣤⣦⣄⣤⣿⣤⣿⡀⡀⠀⠀[m [m[38;5;8m│[m
[m [m[38;5;8m│[m [m[38;5;8m 327 [m[38;5;12m [m[38;5;7m [m [m[38;5;12m [m[38;5;7m [m [m[38;5;12m [m[38;5;7m [m [m[38;5;12m [m[38;5;7m [m [m[38;5;12m▆[m[38;5;7m [m [m[38;5;12m [m[38;5;7m [m [m[38;5;12m [m[38;5;7m [m [m[38;5;12m [m[38;5;7m [m [m[38;5;12m█[m[38;5;7m [m    [m[38;5;8m│[m [m[38;5;8m│[m [m[38;5;8m       [m[38;5;5m⠀⠀[m[38;5;8m║   [mstore      [m[38;5;8m◂ [mon[m[38;5;8m ▸              ║[m[38;5;5m⠀⠀⠀⠀⠀⣿⣿⣿⣿⣿⣿⣿⣿⣿⣿⣿⣿⣿⣿⣿⣿⣿⣿⣿⣿⣿⣿⣿⣿⣿⣿⣿⣿⣿⣿⣿⣿⣿⣿⣿⣿⣿⣿⣿⣿⣿⣿⣷⣶⣷[m [m[38;5;8m│[m
[m [m[38;5;8m│[m [m[38;5;8m     [m[38;5;12m▂[m[38;5;7m [m [m[38;5;12m▂[m[38;5;7m [m [m[38;5;12m▅[m[38;5;7m [m [m[38;5;12m [m[38;5;7m [m [m[38;5;12m█[m[38;5;7m [m [m[38;5;12m▇[m[38;5;7m [m [m[38;5;12m▇[m[38;5;7m [m [m[38;5;12m▅[m[38;5;7m [m [m[38;5;12m█[m[38;5;7m [m    [m[38;5;8m│[m [m[38;5;8m│[m [m[38;5;8m       [m[38;5;5m⠀⠀[m[38;5;8m║                                  ║[m[38;5;5m⠀⠀⠀⠀⠀⣿⣿⣿⣿⣿⣿⣿⣿⣿⣿⣿⣿⣿⣿⣿⣿⣿⣿⣿⣿⣿⣿⣿⣿⣿⣿⣿⣿⣿⣿⣿⣿⣿⣿⣿⣿⣿⣿⣿⣿⣿⣿⣿⣿⣿[m [m[38;5;8m│[m
[m [m[38;5;8m│[m [m[38;5;8m     [m[38;5;12m█[m[38;5;7m [m [m[38;5;12m█[m[38;5;7m [m [m[38;5;12m█[m[38;5;7m [m [m[38;5;12m [m[38;5;7m [m [m[38;5;12m█[m[38;5;7m [m [m[38;5;12m█[m[38;5;7m [m [m[38;5;12m█[m[38;5;7m [m [m[38;5;12m█[m[38;5;7m [m [m[38;5;12m█[m[38;5;7m [m    [m[38;5;8m│[m [m[38;5;8m╰──────────║ ↑↓ move  ←→ change  o close      ║───────────────────────────────────────────────────╯[m
[m [m[38;5;8m│[m [m[38;5;8m     [m[38;5;12m█[m[38;5;7m [m [m[38;5;12m█[m[38;5;7m [m [m[38;5;12m█[m[38;5;7m [m [m[38;5;12m█[m[38;5;7m [m [m[38;5;12m█[m[38;5;7m [m [m[38;5;12m█[m[38;5;7m [m [m[38;5;12m█[m[38;5;7m [m [m[38;5;12m█[m[38;5;7m [m [m[38;5;12m█[m[38;5;7m [m    [m[38;5;8m│[m [m[38;5;8m╭─[m[1m processe[m[38;5;8m╚══════════════════════════════════╝───────────────────────────────────────────────────╮[m
[m [m[38;5;8m│[m [m[38;5;8m     [m[38;5;12m█[m[38;5;7m [m [m[38;5;12m█[m[38;5;7m [m [m[38;5;12m█[m[38;5;7m [m [m[38;5;12m█[m[38;5;7m [m [m[38;5;12m█[m[38;5;7m [m [m[38;5;12m█[m[38;5;7m [m [m[38;5;12m█[m[38;5;7m [m [m[38;5;12m█[m[38;5;7m [m [m[38;5;12m█[m[38;5;7m [m    [m[38;5;8m│[m [m[38;5;8m│[m [m[1m PID     COMMAND                                         CPU%   GPU ms/s    MEM%        RSS[m     [m[38;5;8m│[m
[m [m[38;5;8m│[m [m[38;5;8m     [m[38;5;12m█[m[38;5;7m [m [m[38;5;12m█[m[38;5;7m [m [m[38;5;12m█[m[38;5;7m [m [m[38;5;12m█[m[38;5;7m [m [m[38;5;12m█[m[38;5;7m [m [m[38;5;12m█[m[38;5;7m [m [m[38;5;12m█[m[38;5;7m [m [m[38;5;12m█[m[38;5;7m [m [m[38;5;12m█[m[38;5;7m [m    [m[38;5;8m│[m [m[38;5;8m│[m [m[38;5;8m 900     [mreplayd                                        176.0        0.0[m[38;5;8m     0.1      10 MB[m     [m[38;5;8m│[m
[m [m[38;5;8m│[m [m[38;5;8m     [m[38;5;12m█[m[38;5;7m [m [m[38;5;12m█[m[38;5;7m [m [m[38;5;12m█[m[38;5;7m [m [m[38;5;12m█[m[38;5;7m [m [m[38;5;12m█[m[38;5;7m [m [m[38;5;12m█[m[38;5;7m [m [m[38;5;12m█[m[38;5;7m [m [m[38;5;12m█[m[38;5;7m [m [m[38;5;12m█[m[38;5;7m [m    [m[38;5;8m│[m [m[38;5;8m│[m [m[38;5;8m 33239   [mmactop                                          15.7        0.0[m[38;5;8m     0.4      59 MB[m     [m[38;5;8m│[m
[m [m[38;5;8m│[m [m[38;5;8m     [m[38;5;12m█[m[38;5;7m [m [m[38;5;12m█[m[38;5;7m [m [m[38;5;12m█[m[38;5;7m [m [m[38;5;12m█[m[38;5;7m [m [m[38;5;12m█[m[38;5;7m [m [m[38;5;12m█[m[38;5;7m [m [m[38;5;12m█[m[38;5;7m [m [m[38;5;12m█[m[38;5;7m [m [m[38;5;12m█[m[38;5;7m [m    [m[38;5;8m│[m [m[38;5;8m│[m [m[38;5;8m 66522   [mmactop                                          14.2        0.0[m[38;5;8m     0.4      58 MB[m     [m[38;5;8m│[m
[m [m[38;5;8m│[m [m[38;5;8m     [m[38;5;12m█[m[38;5;7m [m [m[38;5;12m█[m[38;5;7m [m [m[38;5;12m█[m[38;5;7m [m [m[38;5;12m█[m[38;5;7m [m [m[38;5;12m█[m[38;5;7m [m [m[38;5;12m█[m[38;5;7m [m [m[38;5;12m█[m[38;5;7m [m [m[38;5;12m█[m[38;5;7m [m [m[38;5;12m█[m[38;5;7m [m    [m[38;5;8m│[m [m[38;5;8m│[m [m[38;5;8m 94736   [mmactop                                          14.1        0.0[m[38;5;8m     0.4      60 MB[m     [m[38;5;8m│[m
[m [m[38;5;8m│[m [m[38;5;8m     [m[38;5;12m█[m[38;5;7m [m [m[38;5;12m█[m[38;5;7m [m [m[38;5;12m█[m[38;5;7m [m [m[38;5;12m█[m[38;5;7m [m [m[38;5;12m█[m[38;5;7m [m [m[38;5;12m█[m[38;5;7m [m [m[38;5;12m█[m[38;5;7m [m [m[38;5;12m█[m[38;5;7m [m [m[38;5;12m█[m[38;5;7m [m    [m[38;5;8m│[m [m[38;5;8m│[m [m[38;5;8m 867     [mFinder                                           4.5        0.0[m[38;5;8m     0.3      41 MB[m     [m[38;5;8m│[m
[m [m[38;5;8m│[m [m[38;5;8m     [m[38;5;12m█[m[38;5;7m [m [m[38;5;12m█[m[38;5;7m [m [m[38;5;12m█[m[38;5;7m [m [m[38;5;12m█[m[38;5;7m [m [m[38;5;12m█[m[38;5;7m [m [m[38;5;12m█[m[38;5;7m [m [m[38;5;12m█[m[38;5;7m [m [m[38;5;12m█[m[38;5;7m [m [m[38;5;12m█[m[38;5;7m [m    [m[38;5;8m│[m [m[38;5;8m│[m [m[38;5;8m 27755   [m2.1.283                                          3.9        0.0[m[38;5;8m     1.8     287 MB[m     [m[38;5;8m│[m
[m [m[38;5;8m│[m [m[38;5;8m     [m[38;5;12m█[m[38;5;7m [m [m[38;5;12m█[m[38;5;7m [m [m[38;5;12m█[m[38;5;7m [m [m[38;5;12m█[m[38;5;7m [m [m[38;5;12m█[m[38;5;7m [m [m[38;5;12m█[m[38;5;7m [m [m[38;5;12m█[m[38;5;7m [m [m[38;5;12m█[m[38;5;7m [m [m[38;5;12m█[m[38;5;7m [m    [m[38;5;8m│[m [m[38;5;8m│[m [m[38;5;8m 5221    [mmactop                                           3.3        0.0[m[38;5;8m     0.2      39 MB[m     [m[38;5;8m│[m
[m [m[38;5;8m│[m [m[38;5;8m     [m[38;5;12m█[m[38;5;7m▓[m [m[38;5;12m█[m[38;5;7m▓[m [m[38;5;12m█[m[38;5;7m [m [m[38;5;12m█[m[38;5;7m [m [m[38;5;12m█[m[38;5;7m▓[m [m[38;5;12m█[m[38;5;7m▓[m [m[38;5;12m█[m[38;5;7m▓[m [m[38;5;12m█[m[38;5;7m▓[m [m[38;5;12m█[m[38;5;7m▓[m    [m[38;5;8m│[m [m[38;5;8m│[m [m[38;5;8m 33234   [mzsh                                              2.8        0.0[m[38;5;8m     0.0       3 MB[m     [m[38;5;8m│[m
[m [m[38;5;8m│[m [m[38;5;8m     [m[38;5;12m█[m[38;5;7m▓[m [m[38;5;12m█[m[38;5;7m▓[m [m[38;5;12m█[m[38;5;7m▓[m [m[38;5;12m█[m[38;5;7m [m [m[38;5;12m█[m[38;5;7m▓[m [m[38;5;12m█[m[38;5;7m▓[m [m[38;5;12m█[m[38;5;7m▓[m [m[38;5;12m█[m[38;5;7m▓[m [m[38;5;12m█[m[38;5;7m▓[m    [m[38;5;8m│[m [m[38;5;8m│[m [m[38;5;8m 10734   [mzsh                                              1.9        0.0[m[38;5;8m     0.0       7 MB[m     [m[38;5;8m│[m
[m [m[38;5;8m│[m [m[38;5;8m     [m[38;5;12m█[m[38;5;7m▓[m [m[38;5;12m█[m[38;5;7m▓[m [m[38;5;12m█[m[38;5;7m▓[m [m[38;5;12m█[m[38;5;7m▓[m [m[38;5;12m█[m[38;5;7m▓[m [m[38;5;12m█[m[38;5;7m▓[m [m[38;5;12m█[m[38;5;7m▓[m [m[38;5;12m█[m[38;5;7m▓[m [m[38;5;12m█[m[38;5;7m▓[m    [m[38;5;8m│[m [m[38;5;8m│[m [m[38;5;8m 10730   [mTerminal                                         1.8       12.1[m[38;5;8m     0.6      91 MB[m     [m[38;5;8m│[m
[m [m[38;5;8m│[m [m[38;5;8m     [m[38;5;12m█[m[38;5;7m▓[m [m[38;5;12m█[m[38;5;7m▓[m [m[38;5;12m█[m[38;5;7m▓[m [m[38;5;12m█[m[38;5;7m▓[m [m[38;5;12m█[m[38;5;7m▓[m [m[38;5;12m█[m[38;5;7m▓[m [m[38;5;12m█[m[38;5;7m▓[m [m[38;5;12m█[m[38;5;7m▓[m [m[38;5;12m█[m[38;5;7m▓[m    [m[38;5;8m│[m [m[38;5;8m│[m [m[38;5;8m 65500   [m2.1.283                                          1.1        0.0[m[38;5;8m     0.7     112 MB[m     [m[38;5;8m│[m
[m [m[38;5;8m│[m [m[38;5;8m     [m[38;5;12m█[m[38;5;7m▓[m [m[38;5;12m█[m[38;5;7m▓[m [m[38;5;12m█[m[38;5;7m▓[m [m[38;5;12m█[m[38;5;7m▓[m [m[38;5;12m█[m[38;5;7m▓[m [m[38;5;12m█[m[38;5;7m▓[m [m[38;5;12m█[m[38;5;7m▓[m [m[38;5;12m█[m[38;5;7m▓[m [m[38;5;12m█[m[38;5;7m▓[m    [m[38;5;8m│[m [m[38;5;8m│[m [m[38;5;8m 1066    [mlogioptionsplus_agent                            0.8        0.0[m[38;5;8m     0.5      83 MB[m     [m[38;5;8m│[m
[m [m[38;5;8m│[m [m[38;5;8m     [m[38;5;12m█[m[38;5;7m▓[m [m[38;5;12m█[m[38;5;7m▓[m [m[38;5;12m█[m[38;5;7m▓[m [m[38;5;12m█[m[38;5;7m▓[m [m[38;5;12m█[m[38;5;7m▓[m [m[38;5;12m█[m[38;5;7m▓[m [m[38;5;12m█[m[38;5;7m▓[m [m[38;5;12m█[m[38;5;7m▓[m [m[38;5;12m█[m[38;5;7m▓[m    [m[38;5;8m│[m [m[38;5;8m│[m [m[38;5;8m 62772   [mCodex (Service)                                  0.6        1.3[m[38;5;8m     0.7     112 MB[m     [m[38;5;8m│[m
[m [m[38;5;8m│[m [m[38;5;8m     16 runs · [m[38;5;12m█[m[38;5;8m down [m[38;5;7m▓[m[38;5;8m up[m         [m[38;5;8m│[m [m[38;5;8m│[m [m[38;5;8m 1252    [mLogiPluginService                                0.5        0.0[m[38;5;8m     0.4      59 MB[m     [m[38;5;8m│[m
[m [m[38;5;8m│[m                                    [m[38;5;8m│[m [m[38;5;8m│[m [m[38;5;8m 10755   [m2.1.283                                          0.4        0.0[m[38;5;8m     0.7     108 MB[m     [m[38;5;8m│[m
[m [m[38;5;8m╰────────────────────────────────────╯[m [m[38;5;8m╰─────────────────────────────────────────────────────────────────────────────────────────────────╯[m
