 [1mApple M2 Pro[m                             [38;5;3m‖ paused[m   [38;5;8m◀ [m[38;5;3m▮[m[38;5;3m▮[m[38;5;3m▮[m[38;5;3m▮[m[38;5;3m▮[m[38;5;3m▮[m[38;5;3m▮[m[38;5;3m▮[m[38;5;3m▮[m[38;5;3m▮[m[38;5;3m▮[m[38;5;3m▮[m[38;5;3m▮[m[38;5;3m▮[m[38;5;3m▮[m[38;5;3m▮[m[38;5;3m▮[m[38;5;3m▮[m[38;5;3m▮[m[38;5;8m▯[m[38;5;8m▯[m[38;5;8m▯[m[38;5;8m▯[m[38;5;8m▯[m[38;5;8m▯[m[38;5;8m▯[m[38;5;8m▯[m[38;5;8m▯[m[38;5;8m▯[m[38;5;8m▯[m[38;5;8m ▶[m[38;5;8m  t−34s   [ ] step  { } ±30  space live   tiles 1/10[m
 [38;5;8m┏━[m[1m cpu [m[38;5;8m━━━━━━━[m[38;5;8m━┓[m [38;5;8m┏━[m[1m gpu [m[38;5;8m━━━━━━━[m[38;5;8m━┓[m [38;5;8m┏━[m[1m power [m[38;5;8m━━━━━[m[38;5;8m━┓[m [38;5;8m┏━[m[1m mem [m[38;5;8m━━━━━━━[m[38;5;8m━┓[m [38;5;8m┏━[m[1m temp [m[38;5;8m━━━━━━[m[38;5;8m━┓[m [38;5;8m┏━[m[1m ↓ cf [m[38;5;8m━━━━━━[m[38;5;8m━┓[m [38;5;8m┏━[m[1m ↑ cf [m[38;5;8m━━━━━━[m[38;5;8m━┓[m [38;5;8m┏━[m[1m ping [m[38;5;8m━━━━━━━━━[m[38;5;8m━┓[m
 [38;5;8m┃[m     [1;38;5;2m 37%[m     [38;5;8m┃[m [38;5;8m┃[m     [1;38;5;4m  9%[m     [38;5;8m┃[m [38;5;8m┃[m    [1;38;5;6m24.9 W[m    [38;5;8m┃[m [38;5;8m┃[m     [1;38;5;1m 80%[m     [38;5;8m┃[m [38;5;8m┃[m     [1;38;5;3m66°[m      [38;5;8m┃[m [38;5;8m┃[m   [1;38;5;5m327 Mbps[m   [38;5;8m┃[m [38;5;8m┃[m   [1;38;5;6m109 Mbps[m   [38;5;8m┃[m [38;5;8m┃[m     [1m313 ms[m      [38;5;8m┃[m
 [38;5;8m┃[m ▅▅▅▅▄▅▅▅▄▄▄▄ [38;5;8m┃[m [38;5;8m┃[m [38;5;4m▁▂▂▁▁▂▁▂▁▁▁▂[m [38;5;8m┃[m [38;5;8m┃[m [38;5;6m▆▆█▇▆▆▆▇▆▆▆▆[m [38;5;8m┃[m [38;5;8m┃[m [38;5;3m▆▆▆▆▆▆▆▇▇▇▇▇[m [38;5;8m┃[m [38;5;8m┃[m [38;5;1m▅▅▅▅▅▅▅▅▅▅▅▅[m [38;5;8m┃[m [38;5;8m┃[m [38;5;5m▇▅▇▇▇▇▇███▇█[m [38;5;8m┃[m [38;5;8m┃[m [38;5;6m▆▂▆██▇▆█████[m [38;5;8m┃[m [38;5;8m┃[m [38;5;8m▃▇▃▂▃▂▃▂▂▃▂▂▂▂█[m [38;5;8m┃[m
 [38;5;8m┗━━━━━━━━━━━━━━┛[m [38;5;8m┗━━━━━━━━━━━━━━┛[m [38;5;8m┗━━━━━━━━━━━━━━┛[m [38;5;8m┗━━━━━━━━━━━━━━┛[m [38;5;8m┗━━━━━━━━━━━━━━┛[m [38;5;8m┗━━━━━━━━━━━━━━┛[m [38;5;8m┗━━━━━━━━━━━━━━┛[m [38;5;8m┗━━━━━━━━━━━━━━━━━┛[m
 [38;5;8m┏━[m[1m cpu [m[38;5;8m━━━━━━━━━━━━━━━━━━━━━━━━━━━━━━━━━━━━━━━━━━━━━━━━━━━━━[m [1;38;5;2m 37%[m [38;5;8m━┓[m [38;5;8m┏━[m[1m gpu [m[38;5;8m━━━━━━━━━━━━━━━━━━━━━━━━━━━━━━━━━━━━━━━━━━━━━━━━━━━━━━[m [1;38;5;4m  9%[m [38;5;8m━┓[m
 [38;5;8m┃[m [38;5;8m E [m2424[38;5;8m · P [m3504[38;5;8m MHz[m                                             [38;5;8m┃[m [38;5;8m┃[m [38;5;8m 16 cores  ·  [m 444 MHz[38;5;8m  ·  ANE [m  0%                               [38;5;8m┃[m
 [38;5;8m┃[m [38;5;1m⠀⠀⠀⠀⠀⠀⠀⠀⠀⠀⠀⠀⠀⠀⠀⠀⠀⠀⠀⠀⠀⠀⠀⠀⠀⠀⠀⠀⠀⠀⠀⠀⠀⠀⠀⠀⠀⠀⠀⠀⠀⠀⠀⠀⠀⠀⠀⠀⠀⠀⠀⠀⠀⠀⠀⠀⠀⠀⠀⠀⠀⠀⠀⠀[m [38;5;8m┃[m [38;5;8m┃[m [38;5;4m⠀⠀⠀⠀⠀⠀⠀⠀⠀⠀⠀⠀⠀⠀⠀⠀⠀⠀⠀⠀⠀⠀⠀⠀⠀⠀⠀⠀⠀⠀⠀⠀⠀⠀⠀⠀⠀⠀⠀⠀⠀⠀⠀⠀⠀⠀⠀⠀⠀⠀⠀⠀⠀⠀⠀⠀⠀⠀⠀⠀⠀⠀⠀⠀⠀[m [38;5;8m┃[m
 [38;5;8m┃[m [38;5;3m⠀⠀⠀⠀⠀⠀⠀⠀⠀⠀⠀⠀⠀⠀⠀⠀⠀⠀⠀⠀⠀⠀⠀⠀⠀⠀⠀⠀⠀⠀⠀⠀⠀⠀⠀⠀⠀⠀⠀⠀⠀⠀⠀⠀⠀⠀⠀⠀⠀⠀⠀⠀⠀⠀⠀⠀⠀⠀⠀⠀⠀⠀⠀⠀[m [38;5;8m┃[m [38;5;8m┃[m [38;5;4m⠀⠀⠀⠀⠀⠀⠀⠀⠀⠀⠀⠀⠀⠀⠀⠀⠀⠀⠀⠀⠀⠀⠀⠀⠀⠀⠀⠀⠀⠀⠀⠀⠀⠀⠀⠀⠀⠀⠀⠀⠀⠀⠀⠀⠀⠀⠀⠀⠀⠀⠀⠀⠀⠀⠀⠀⠀⠀⠀⠀⠀⠀⠀⠀⠀[m [38;5;8m┃[m
 [38;5;8m┃[m [38;5;3m⠀⠀⠀⠀⠀⠀⠀⠀⠀⠀⠀⠀⠀⠀⠀⠀⠀⠀⠀⠀⠀⠀⠀⠀⠀⠀⠀⠀⠀⠀⠀⠀⠀⠀⠀⠀⠀⠀⠀⠀⠀⠀⠀⠀⠀⠀⠀⠀⠀⠀⠀⢀⡀⠀⠀⠀⠀⠀⣦⣄⢠⡄⠀⠀[m [38;5;8m┃[m [38;5;8m┃[m [38;5;4m⠀⠀⠀⠀⠀⠀⠀⠀⠀⠀⠀⠀⠀⠀⠀⠀⠀⠀⠀⠀⠀⠀⠀⠀⠀⠀⠀⠀⠀⠀⠀⠀⠀⠀⠀⠀⠀⠀⠀⠀⠀⠀⠀⠀⠀⠀⠀⠀⠀⠀⠀⠀⠀⠀⠀⠀⠀⠀⠀⠀⠀⠀⠀⠀⠀[m [38;5;8m┃[m
 [38;5;8m┃[m [38;5;2m⠀⠀⠀⠀⠀⠀⠀⠀⠀⠀⠀⠀⠀⠀⠀⠀⠀⠀⠀⠀⠀⠀⠀⠀⠀⠀⠀⠀⠀⠀⠀⠀⠀⠀⠀⠀⠀⠀⠀⠀⠀⠀⠀⠀⠀⡀⠀⢀⠀⠀⠀⣾⣿⣦⡀⠀⠀⢀⣿⣿⣸⣿⣄⣀[m [38;5;8m┃[m [38;5;8m┃[m [38;5;4m⠀⠀⠀⠀⠀⠀⠀⠀⠀⠀⠀⠀⠀⠀⠀⠀⠀⠀⠀⠀⠀⠀⠀⠀⠀⠀⠀⠀⠀⠀⠀⠀⠀⠀⠀⠀⠀⠀⠀⠀⠀⠀⠀⠀⠀⠀⠀⠀⠀⠀⠀⠀⠀⠀⠀⠀⠀⠀⠀⠀⠀⠀⠀⠀⠀[m [38;5;8m┃[m
 [38;5;8m┃[m [38;5;2m⠀⠀⠀⠀⠀⠀⠀⠀⠀⠀⠀⠀⠀⠀⠀⠀⠀⠀⠀⠀⠀⠀⠀⠀⠀⠀⠀⠀⠀⠀⠀⠀⠀⠀⠀⠀⣶⣶⣶⣷⣶⣷⣾⣷⣾⣿⣶⣿⣾⣿⣶⣿⣿⣿⣿⣾⣷⣾⣿⣿⣿⣿⣿⣿[m [38;5;8m┃[m [38;5;8m┃[m [38;5;4m⠀⠀⠀⠀⠀⠀⠀⠀⠀⠀⠀⠀⠀⠀⠀⠀⠀⠀⠀⠀⠀⠀⠀⠀⠀⠀⠀⠀⠀⠀⠀⠀⠀⠀⠀⠀⠀⠀⠀⠀⠀⠀⠀⠀⠀⠀⠀⠀⠀⠀⠀⠀⠀⠀⠀⠀⠀⠀⠀⠀⠀⠀⠀⠀⠀[m [38;5;8m┃[m
 [38;5;8m┃[m [38;5;2m⠀⠀⠀⠀⠀⠀⠀⠀⠀⠀⠀⠀⠀⠀⠀⠀⠀⠀⠀⠀⠀⠀⠀⠀⠀⠀⠀⠀⠀⠀⠀⠀⠀⠀⠀⠀⣿⣿⣿⣿⣿⣿⣿⣿⣿⣿⣿⣿⣿⣿⣿⣿⣿⣿⣿⣿⣿⣿⣿⣿⣿⣿⣿⣿[m [38;5;8m┃[m [38;5;8m┃[m [38;5;4m⠀⠀⠀⠀⠀⠀⠀⠀⠀⠀⠀⠀⠀⠀⠀⠀⠀⠀⠀⠀⠀⠀⠀⠀⠀⠀⠀⠀⠀⠀⠀⠀⠀⠀⠀⠀⠀⣀⣀⣀⣀⣀⣀⣀⣀⣀⣀⣀⣀⣀⣀⣀⣀⣼⣿⣄⣀⣀⣀⣠⣇⣠⣰⣀⣠[m [38;5;8m┃[m
 [38;5;8m┗━━━━━━━━━━━━━━━━━━━━━━━━━━━━━━━━━━━━━━━━━━━━━━━━━━━━━━━━━━━━━━━━━━┛[m [38;5;8m┗━━━━━━━━━━━━━━━━━━━━━━━━━━━━━━━━━━━━━━━━━━━━━━━━━━━━━━━━━━━━━━━━━━━┛[m
 [38;5;8m┏━[m[1m cores [m[38;5;8m━━━━━━━━━━━━━━━━━━━━━━━━━━━━━━━━━━━━━━━━━━━━━━━━━━━━━━━━━[m[38;5;8m━┓[m [38;5;8m┏━[m[1m power [m[38;5;8m━━━━━━━━━━━━━━━━━━━━━━━━━━━━━━━━━━━━━━━━━━━━━━━━━━[m [1;38;5;6m24.9 W[m [38;5;8m━┓[m
 [38;5;8m┃[m [38;5;8mE1 [m[38;5;3m■■■■■■■■■■■■[m[38;5;8m··········[m[38;5;3m  54%[m   [38;5;8mE2 [m[38;5;2m■■■■■■■■■■[m[38;5;8m············[m[38;5;2m  44%[m  [38;5;8m┃[m [38;5;8m┃[m [38;5;8m system [m24.9[38;5;8m W  ·  GPU [m0.1[38;5;8m W[m                                      [38;5;8m┃[m
 [38;5;8m┃[m [38;5;8mE3 [m[38;5;2m■■■■■■■■■[m[38;5;8m·············[m[38;5;2m  39%[m   [38;5;8mE4 [m[38;5;2m■■■■■■■■■[m[38;5;8m·············[m[38;5;2m  39%[m  [38;5;8m┃[m [38;5;8m┃[m [38;5;8m 32.1W [m[38;5;6m⠀⠀⠀⠀⠀⠀⠀⠀⠀⠀⠀⠀⠀⠀⠀⠀⠀⠀⠀⠀⠀⠀⠀⠀⠀⠀⠀⠀⠀⠀⠀⠀⠀⠀⠀⠀⠀⠀⠀⠀⠀⠀⠀⠀⠀⠀⢀⡀⣠⡀⠀⠀⠀⣧⠀⢠⠀⠀[m [38;5;8m┃[m
 [38;5;8m┃[m [38;5;8mP1 [m[38;5;2m■■[m[38;5;8m····················[m[38;5;2m   8%[m   [38;5;8mP2 [m[38;5;2m[m[38;5;8m······················[m[38;5;2m   2%[m  [38;5;8m┃[m [38;5;8m┃[m [38;5;8m       [m[38;5;6m⠀⠀⠀⠀⠀⠀⠀⠀⠀⠀⠀⠀⠀⠀⠀⠀⠀⠀⠀⠀⠀⠀⠀⠀⠀⠀⠀⠀⠀⠀⣷⣾⣦⣶⣶⣴⣶⣶⣷⣷⣧⣶⣦⣾⣼⣶⣾⣿⣿⣿⣿⣷⣾⣿⣷⣿⣿⣿[m [38;5;8m┃[m
 [38;5;8m┃[m [38;5;8mP3 [m[38;5;2m[m[38;5;8m······················[m[38;5;2m   1%[m   [38;5;8mP4 [m[38;5;3m■■■■■■■■■■■■■■■■[m[38;5;8m······[m[38;5;3m  73%[m  [38;5;8m┃[m [38;5;8m┃[m [38;5;8m       [m[38;5;6m⠀⠀⠀⠀⠀⠀⠀⠀⠀⠀⠀⠀⠀⠀⠀⠀⠀⠀⠀⠀⠀⠀⠀⠀⠀⠀⠀⠀⠀⠀⣿⣿⣿⣿⣿⣿⣿⣿⣿⣿⣿⣿⣿⣿⣿⣿⣿⣿⣿⣿⣿⣿⣿⣿⣿⣿⣿⣿[m [38;5;8m┃[m
 [38;5;8m┃[m [38;5;8mP5 [m[38;5;3m■■■■■■■■■■■■■■[m[38;5;8m········[m[38;5;3m  63%[m   [38;5;8mP6 [m[38;5;3m■■■■■■■■■■■[m[38;5;8m···········[m[38;5;3m  51%[m  [38;5;8m┃[m [38;5;8m┃[m [38;5;8m       [m[38;5;6m⠀⠀⠀⠀⠀⠀⠀⠀⠀⠀⠀⠀⠀⠀⠀⠀⠀⠀⠀⠀⠀⠀⠀⠀⠀⠀⠀⠀⠀⠀⣿⣿⣿⣿⣿⣿⣿⣿⣿⣿⣿⣿⣿⣿⣿⣿⣿⣿⣿⣿⣿⣿⣿⣿⣿⣿⣿⣿[m [38;5;8m┃[m
 [38;5;8m┗━━━━━━━━━━━━━━━━━━━━━━━━━━━━━━━━━━━━━━━━━━━━━━━━━━━━━━━━━━━━━━━━━━┛[m [38;5;8m┗━━━━━━━━━━━━━━━━━━━━━━━━━━━━━━━━━━━━━━━━━━━━━━━━━━━━━━━━━━━━━━━━━━━┛[m
 [38;5;8m┏━[m[1m processes [m[38;5;8m━━━━━━━━━━━━━━━━━━━━━━━━━━━━━━━━━━━━━━━━━━━━━━━━━━━━━━━━━━━━━━━━━━━━━━━━━━━━━[m[38;5;8m━┓[m [38;5;8m┏━[m[1m memory [m[38;5;8m━━━━━━━━━━━━━━━━━━━━━━━━━━━[m [1;38;5;1m 80%[m [38;5;8m━┓[m
 [38;5;8m┃[m [1m PID     COMMAND                                  CPU%   GPU ms/s    MEM%        RSS[m     [38;5;8m┃[m [38;5;8m┃[m [38;5;1m12.9[m[38;5;8m / 16.0 GB[m          [38;5;8mswap 0.0 / 0.0 GB[m [38;5;8m┃[m
 [38;5;8m┃[m [38;5;8m 900     [mreplayd                               [38;5;1m  175.1[m[38;5;4m        0.0[m[38;5;8m     0.1      11 MB[m     [38;5;8m┃[m [38;5;8m┃[m [38;5;1m■■■■■■■■■■■■■■■■■■■■■■■■■■■■■■■■■[m[38;5;8m········[m [38;5;8m┃[m
 [38;5;8m┃[m [38;5;8m 960     [mNotificationCenter                    [38;5;2m   17.1[m[38;5;4m        0.0[m[38;5;8m     0.3      57 MB[m     [38;5;8m┃[m [38;5;8m┃[m [38;5;8m DRAM[m  ↓ 10.8  ↑ 0.9 GB/s                 [38;5;8m┃[m
 [38;5;8m┃[m [38;5;8m 33239   [mmactop                                [38;5;2m   16.3[m[38;5;4m        0.0[m[38;5;8m     0.3      51 MB[m     [38;5;8m┃[m [38;5;8m┗━━━━━━━━━━━━━━━━━━━━━━━━━━━━━━━━━━━━━━━━━━━┛[m
 [38;5;8m┃[m [38;5;8m 66522   [mmactop                                [38;5;2m   14.0[m[38;5;4m        0.0[m[38;5;8m     0.3      51 MB[m     [38;5;8m┃[m [38;5;8m┏━[m[1m sensors [m[38;5;8m━━━━━━━━━━━━━━━━━━━━━━━━━━━━━━━━[m[38;5;8m━┓[m
 [38;5;8m┃[m [38;5;8m 94736   [mmactop                                [38;5;2m   14.0[m[38;5;4m        0.0[m[38;5;8m     0.3      49 MB[m     [38;5;8m┃[m [38;5;8m┃[m [38;5;8m CPU [m[38;5;3m66°[m[38;5;8m   GPU [m[38;5;3m59°[m                        [38;5;8m┃[m
 [38;5;8m┃[m [38;5;8m 27755   [m2.1.283                               [38;5;2m    3.6[m[38;5;4m        0.0[m[38;5;8m     1.7     285 MB[m     [38;5;8m┃[m [38;5;8m┃[m [38;5;8m thermal [mNominal[38;5;8m   fan [m2335 rpm           [38;5;8m┃[m
 [38;5;8m┃[m [38;5;8m 33234   [mzsh                                   [38;5;2m    3.5[m[38;5;4m        0.0[m[38;5;8m     0.0       3 MB[m     [38;5;8m┃[m [38;5;8m┃[m [38;5;8m battery [m80%                              [38;5;8m┃[m
 [38;5;8m┃[m [38;5;8m 5221    [mmactop                                [38;5;2m    3.1[m[38;5;4m        0.0[m[38;5;8m     0.2      38 MB[m     [38;5;8m┃[m [38;5;8m┗━━━━━━━━━━━━━━━━━━━━━━━━━━━━━━━━━━━━━━━━━━━┛[m
 [38;5;8m┃[m [38;5;8m 994     [msearchpartyuseragent                  [38;5;2m    2.8[m[38;5;4m        0.0[m[38;5;8m     0.2      27 MB[m     [38;5;8m┃[m [38;5;8m┏━[m[1m io [m[38;5;8m━━━━━━━━━━━━━━━━━━━━━━━━━━━━━━━━━━━━━[m[38;5;8m━┓[m
 [38;5;8m┃[m [38;5;8m 1631    [mtextcomposerd                         [38;5;2m    2.3[m[38;5;4m        0.0[m[38;5;8m     0.1      24 MB[m     [38;5;8m┃[m [38;5;8m┃[m [38;5;8m NET  [m↓ 840.6 B/s  ↑ 840.6 B/s            [38;5;8m┃[m
 [38;5;8m┃[m [38;5;8m 834     [mBiomeAgent                            [38;5;2m    1.4[m[38;5;4m        0.0[m[38;5;8m     0.1      11 MB[m     [38;5;8m┃[m [38;5;8m┃[m [38;5;8m DISK [mr 2.5 M/s  w 0.0 B/s                [38;5;8m┃[m
 [38;5;8m┃[m [38;5;8m 65500   [m2.1.283                               [38;5;2m    1.3[m[38;5;4m        0.0[m[38;5;8m     0.7     109 MB[m     [38;5;8m┃[m [38;5;8m┃[m [38;5;8m Mac HD      [m[38;5;3m■■■■■■■■■■■■■■■■[m[38;5;8m·····[m  76%   [38;5;8m┃[m
 [38;5;8m┃[m [38;5;8m 67016   [m2.1.283                               [38;5;2m    1.0[m[38;5;4m        0.0[m[38;5;8m     1.3     213 MB[m     [38;5;8m┃[m [38;5;8m┗━━━━━━━━━━━━━━━━━━━━━━━━━━━━━━━━━━━━━━━━━━━┛[m
 [38;5;8m┃[m [38;5;8m 44846   [m2.1.283                               [38;5;2m    0.7[m[38;5;4m        0.0[m[38;5;8m     1.2     190 MB[m     [38;5;8m┃[m [38;5;8m┏━[m[1m cloudflare [m[38;5;8m━━━━━━━━━━━━━━━━━━━━━[m [38;5;8m9h ago[m [38;5;8m━┓[m
 [38;5;8m┃[m [38;5;8m 32507   [mghostty                               [38;5;2m    0.6[m[38;5;4m        8.1[m[38;5;8m     0.7     112 MB[m     [38;5;8m┃[m [38;5;8m┃[m [1;38;5;5m↓ 327[m[38;5;8m Mbps[m   [1;38;5;5m↑ 109[m[38;5;8m Mbps[m                   [38;5;8m┃[m
 [38;5;8m┃[m [38;5;8m 1066    [mlogioptionsplus_agent                 [38;5;2m    0.6[m[38;5;4m        0.0[m[38;5;8m     0.5      80 MB[m     [38;5;8m┃[m [38;5;8m┃[m [38;5;8m ping [m313 ms[38;5;8m  jitter [m184 ms[38;5;8m  loss [m0%      [38;5;8m┃[m
 [38;5;8m┃[m [38;5;8m 60437   [mChatGPT                               [38;5;2m    0.5[m[38;5;4m        0.0[m[38;5;8m     1.6     256 MB[m     [38;5;8m┃[m [38;5;8m┃[m  loaded ↓ 103 ↑ 86 ms   bloat A+  stable… [38;5;8m┃[m
 [38;5;8m┃[m [38;5;8m 10755   [m2.1.283                               [38;5;2m    0.5[m[38;5;4m        0.0[m[38;5;8m     0.6      98 MB[m     [38;5;8m┃[m [38;5;8m┃[m [38;5;8m ↓ hist [m[38;5;5m▆▇▆▆▇▅▇▇▇▇▇███▇█[m                  [38;5;8m┃[m
 [38;5;8m┗━━━━━━━━━━━━━━━━━━━━━━━━━━━━━━━━━━━━━━━━━━━━━━━━━━━━━━━━━━━━━━━━━━━━━━━━━━━━━━━━━━━━━━━━━━┛[m [38;5;8m┗━━━━━━━━━━━━━━━━━━━━━━━━━━━━━━━━━━━━━━━━━━━┛[m
