 [1mApple M2 Pro[m       [38;5;3m‖[m [38;5;8m◀ [m[38;5;8m·[m[38;5;8m·[m[38;5;8m·[m[38;5;3m▮[m[38;5;3m▮[m[38;5;3m▮[m[38;5;3m▮[m[38;5;3m▮[m[38;5;8m·[m[38;5;3m▮[m[38;5;3m▮[m[38;5;3m▮[m[38;5;1m▲[m[38;5;3m▮[m[38;5;3m▮[m[38;5;3m▮[m[38;5;3m▮[m[38;5;3m▮[m[38;5;3m▲[m[38;5;8m▯[m[38;5;8m▯[m[38;5;8m ▶[m[38;5;8m 24h t−3h12m[m
 [38;5;8m──[m[1m now [m[38;5;8m─────────────────────────────────────────────────[m[38;5;8m──[m
 [38;5;8m [m [38;5;8mcpu   [m[1m 37%[m      [38;5;6m▄▃▃▃▃▄▃▃▃▃▃▃▄▅▅▅▄▄▄▃▃▃▃▃▃▄▅▅▅▅▄▅▅▅▄▄▄▄[m [38;5;8m [m
 [38;5;8m [m [38;5;8mgpu   [m[1m  9%[m      [38;5;4m▁▁▁▁▁▁▁▁▁▁▁▁▁▁▂▂▂▂▂▁▁▁▁▁▁▁▁▂▂▁▁▂▁▂▁▁▁▂[m [38;5;8m [m
 [38;5;8m [m [38;5;8mpower [m[1m24.9 W[m    [38;5;5m▆▆▆▆▆▆▆▆▆▆▆▆▆▆▆▆▇▆▇▇▇▆▆▆▆▆▆▆█▇▆▆▆▇▆▆▆▆[m [38;5;8m [m
 [38;5;8m [m [38;5;8mmem   [m[1m 80%[m      [38;5;14m▆▆▆▆▆▆▆▆▆▆▆▆▆▆▆▆▇▇▇▇▇▇▇▇▇▇▆▆▆▆▆▆▆▇▇▇▇▇[m [38;5;8m [m
 [38;5;8m [m [38;5;8mtemp  [m[1m66°[m       [38;5;13m▅▅▅▅▅▅▅▅▅▅▅▅▅▅▅▅▅▅▅▅▅▅▅▅▅▅▅▅▅▅▅▅▅▅▅▅▅▅[m [38;5;8m [m
 [38;5;8m [m [38;5;8m↓ cf  [m[1m327 Mbps[m  [38;5;12m                      ▆▇▆▆▇▅▇▇▇▇▇███▇█[m [38;5;8m [m
 [38;5;8m [m [38;5;8m↑ cf  [m[1m109 Mbps[m  [38;5;7m                      ▆▆▅▄▆▂▆██▇▆█████[m [38;5;8m [m
 [38;5;8m [m [38;5;8mping  [m[1m313 ms[m    [38;5;8m                      ▃▃▇▃▂▃▂▃▂▂▃▂▂▂▂█[m [38;5;8m [m
                                                           
 [38;5;8m──[m[1m top 5 by cpu · 10 s peak [m[38;5;8m────────────────────────────[m[38;5;8m──[m
 [38;5;8m [m [1m PID     COMMAND                          CPU%    MEM%[m [38;5;8m [m
 [38;5;8m [m [38;5;8m 900     [mreplayd                         175.1[38;5;8m     0.1[m [38;5;8m [m
 [38;5;8m [m [38;5;8m 960     [mNotificationCenter               17.1[38;5;8m     0.3[m [38;5;8m [m
 [38;5;8m [m [38;5;8m 33239   [mmactop                           16.3[38;5;8m     0.3[m [38;5;8m [m
 [38;5;8m [m [38;5;8m 66522   [mmactop                           14.0[38;5;8m     0.3[m [38;5;8m [m
 [38;5;8m [m [38;5;8m 94736   [mmactop                           14.0[38;5;8m     0.3[m [38;5;8m [m
 [38;5;8m [m                                                        [38;5;8m [m
                                                           
