[m [m[1mApple M2 Pro[m[38;5;8m  ·  4E + 6P CPU  ·  16-core GPU[m                                                          [m[38;5;8mtiles 1/10   23:41:08  ·  vs B t−55s[m
[m [m[38;5;3m▲ runaway: replayd (900) 176% cpu for 51s[m                                                                                                 [m
[m [m[38;5;8m┏━[m[1m cpu [m[38;5;8m━━━━━━━━┓[m [m[38;5;8m┏━[m[1m gpu [m[38;5;8m━━━━━━━━┓[m [m[38;5;8m┏━[m[1m power [m[38;5;8m━━━━━━┓[m [m[38;5;8m┏━[m[1m mem [m[38;5;8m━━━━━━━━┓[m [m[38;5;8m┏━[m[1m temp [m[38;5;8m━━━━━━━┓[m [m[38;5;8m┏━[m[1m ↓ cf [m[38;5;8m━━━━━━━┓[m [m[38;5;8m┏━[m[1m ↑ cf [m[38;5;8m━━━━━━━┓[m [m[38;5;8m┏━[m[1m ping [m[38;5;8m━━━━━━━━━━┓[m
[m [m[38;5;8m┃[m[1m  28%[m[38;5;8m  ▼−29[m[1m   [m[38;5;8m┃[m [m[38;5;8m┃[m[1m   2%[m[38;5;8m  ▼−7[m[1m    [m[38;5;8m┃[m [m[38;5;8m┃[m[1m 15.9 W[m[38;5;8m ▼−7.6[m[1m [m[38;5;8m┃[m [m[38;5;8m┃[m[1m   75%[m[38;5;8m  ±0[m[1m    [m[38;5;8m┃[m [m[38;5;8m┃[m[1m   65°[m[38;5;8m  ▼−4[m[1m   [m[38;5;8m┃[m [m[38;5;8m┃[m[1m 327 Mbps[m[38;5;8m  ±0[m[1m [m[38;5;8m┃[m [m[38;5;8m┃[m[1m 109 Mbps[m[38;5;8m  ±0[m[1m [m[38;5;8m┃[m [m[38;5;8m┃[m[1m   313 ms[m[38;5;8m  ±0[m[1m    [m[38;5;8m┃[m
[m [m[38;5;8m┃[m [m[38;5;6m▄▅▄▄▃▃▃▃▃▃▃▃[m [m[38;5;8m┃[m [m[38;5;8m┃[m [m[38;5;4m▂▃▁▁▁▁▁▁▁▁▁▁[m [m[38;5;8m┃[m [m[38;5;8m┃[m [m[38;5;5m▅▅▇▆▅▅▅▄▄▄▄▄[m [m[38;5;8m┃[m [m[38;5;8m┃[m [m[38;5;14m▆▆▆▆▆▆▆▆▆▆▆▆[m [m[38;5;8m┃[m [m[38;5;8m┃[m [m[38;5;13m▅▅▅▅▅▅▅▅▅▅▅▅[m [m[38;5;8m┃[m [m[38;5;8m┃[m [m[38;5;12m▇▅▇▇▇▇▇███▇█[m [m[38;5;8m┃[m [m[38;5;8m┃[m [m[38;5;7m▆▂▆██▇▆█████[m [m[38;5;8m┃[m [m[38;5;8m┃[m [m[38;5;8m▃▇▃▂▃▂▃▂▂▃▂▂▂▂█[m [m[38;5;8m┃[m
[m [m[38;5;8m┗━━━━━━━━━━━━━━┛[m [m[38;5;8m┗━━━━━━━━━━━━━━┛[m [m[38;5;8m┗━━━━━━━━━━━━━━┛[m [m[38;5;8m┗━━━━━━━━━━━━━━┛[m [m[38;5;8m┗━━━━━━━━━━━━━━┛[m [m[38;5;8m┗━━━━━━━━━━━━━━┛[m [m[38;5;8m┗━━━━━━━━━━━━━━┛[m [m[38;5;8m┗━━━━━━━━━━━━━━━━━┛[m
[m [m[38;5;8m┏━[m[1m cpu [m[38;5;8m━━━━━━━━━━━━━━━━━━━━━━━━━━━━━━━━━━━━━━━━━━━━━━━━━━━━━[m [m[1m 28%[m [m[38;5;8m━┓[m [m[38;5;8m┏━[m[1m gpu [m[38;5;8m━━━━━━━━━━━━━━━━━━━━━━━━━━━━━━━━━━━━━━━━━━━━━━━━━━━━━━[m [m[1m  2%[m [m[38;5;8m━┓[m
[m [m[38;5;8m┃[m [m[38;5;8m E [m2424[m[38;5;8m · P [m3262[m[38;5;8m MHz[m                                             [m[38;5;8m┃[m [m[38;5;8m┃[m [m[38;5;8m 16 cores  ·  [m 444 MHz[m[38;5;8m  ·  ANE [m  0%                               [m[38;5;8m┃[m
[m [m[38;5;8m┃[m [m[38;5;8m  100% [m[38;5;6m⠀⠀⠀⠀⠀⠀⠀⠀⠀⠀⠀⠀⠀⠀⠀⠀⠀⠀⠀⠀⠀⠀⠀⠀⠀⠀⠀⠀⠀⠀⠀⠀⠀⠀⠀⠀⠀⠀⠀⠀⠀⠀⠀⠀⠀⠀⠀⠀⠀⠀⠀⠀⠀⠀⠀⠀⠀[m [m[38;5;8m┃[m [m[38;5;8m┃[m [m[38;5;8m  100% [m[38;5;4m⠀⠀⠀⠀⠀⠀⠀⠀⠀⠀⠀⠀⠀⠀⠀⠀⠀⠀⠀⠀⠀⠀⠀⠀⠀⠀⠀⠀⠀⠀⠀⠀⠀⠀⠀⠀⠀⠀⠀⠀⠀⠀⠀⠀⠀⠀⠀⠀⠀⠀⠀⠀⠀⠀⠀⠀⠀⠀[m [m[38;5;8m┃[m
[m [m[38;5;8m┃[m [m[38;5;8m       [m[38;5;6m⠀⠀⠀⠀⠀⠀⠀⠀⠀⠀⠀⠀⠀⠀⠀⠀⠀⠀⠀⠀⠀⠀⠀⠀⠀⠀⠀⠀⠀⠀⠀⠀⠀⠀⠀⠀⠀⠀⠀⠀⠀⠀⠀⠀⠀⠀⠀⠀⠀⠀⠀⠀⠀⠀⠀⠀⠀[m [m[38;5;8m┃[m [m[38;5;8m┃[m [m[38;5;8m       [m[38;5;4m⠀⠀⠀⠀⠀⠀⠀⠀⠀⠀⠀⠀⠀⠀⠀⠀⠀⠀⠀⠀⠀⠀⠀⠀⠀⠀⠀⠀⠀⠀⠀⠀⠀⠀⠀⠀⠀⠀⠀⠀⠀⠀⠀⠀⠀⠀⠀⠀⠀⠀⠀⠀⠀⠀⠀⠀⠀⠀[m [m[38;5;8m┃[m
[m [m[38;5;8m┃[m [m[38;5;8m       [m[38;5;6m⠀⠀⠀⠀⠀⠀⠀⠀⠀⠀⠀⠀⠀⠀⠀⠀⠀⠀⠀⠀⠀⠀⠀⠀⠀⠀⠀⢀⡀⠀⠀⠀⠀⠀⣦⣄⢠⡄⠀⠀⠀⠀⠀⠀⠀⠀⠀⠀⠀⣰[m[38;5;8m⡀[m[38;5;6m⠀⠀⠀⠀⠀[m[38;5;8m⣦[m [m[38;5;8m┃[m [m[38;5;8m┃[m [m[38;5;8m       [m[38;5;4m⠀⠀⠀⠀⠀⠀⠀⠀⠀⠀⠀⠀⠀⠀⠀⠀⠀⠀⠀⠀⠀⠀⠀⠀⠀⠀⠀⠀⠀⠀⠀⠀⠀⠀⠀⠀⠀⠀⠀⠀⠀⠀⠀⠀⠀⠀⠀⠀⠀⠀⠀⠀⠀⠀⠀⠀⠀⠀[m [m[38;5;8m┃[m
[m [m[38;5;8m┃[m [m[38;5;8m       [m[38;5;6m⠀⠀⠀⠀⠀⠀⠀⠀⠀⠀⠀⠀⠀⠀⠀⠀⠀⠀⠀⠀⠀⡀⠀⢀⠀⠀⠀⣾⣿⣦⡀⠀⠀⢀⣿⣿⣸⣿⣄⣀⠀⠀⠀[m[38;5;8m⡀[m[38;5;6m⠀[m[38;5;8m⢀[m[38;5;6m⠀⠀⠀⣿⣿⣾⣄⠀⠀[m[38;5;8m⢀⣿[m [m[38;5;8m┃[m [m[38;5;8m┃[m [m[38;5;8m       [m[38;5;4m⠀⠀⠀⠀⠀⠀⠀⠀⠀⠀⠀⠀⠀⠀⠀⠀⠀⠀⠀⠀⠀⠀⠀⠀⠀⠀⠀⠀⠀⠀⠀⠀⠀⠀⠀⠀⠀⠀⠀⠀⠀⠀⠀⠀⠀⠀⠀⠀⠀⠀⠀⠀⠀⠀⠀⠀⠀⠀[m [m[38;5;8m┃[m
[m [m[38;5;8m┃[m [m[38;5;8m       [m[38;5;6m⠀⠀⠀⠀⠀⠀⠀⠀⠀⠀⠀⠀⣶⣶⣶⣷⣶⣷⣾⣷⣾⣿⣶⣿⣾⣿⣶⣿⣿⣿⣿⣾⣷⣾⣿⣿⣿⣿⣿⣿⣿⣿⣾⣿⣾⣿⣿⣿⣶⣿⣿⣿⣿⣿⣿⣾⣿[m [m[38;5;8m┃[m [m[38;5;8m┃[m [m[38;5;8m       [m[38;5;4m⠀⠀⠀⠀⠀⠀⠀⠀⠀⠀⠀⠀⠀⠀⠀⠀⠀⠀⠀⠀⠀⠀⠀⠀⠀⠀⠀⠀⠀⠀⠀⠀⠀⠀⠀⠀⠀⠀⠀⠀⠀⠀⠀⠀⠀⠀⠀⠀⠀⠀⠀⠀⢠⠀⠀⠀⠀⠀[m [m[38;5;8m┃[m
[m [m[38;5;8m┃[m [m[38;5;8m       [m[38;5;6m⠀⠀⠀⠀⠀⠀⠀⠀⠀⠀⠀⠀⣿⣿⣿⣿⣿⣿⣿⣿⣿⣿⣿⣿⣿⣿⣿⣿⣿⣿⣿⣿⣿⣿⣿⣿⣿⣿⣿⣿⣿⣿⣿⣿⣿⣿⣿⣿⣿⣿⣿⣿⣿⣿⣿⣿⣿[m [m[38;5;8m┃[m [m[38;5;8m┃[m [m[38;5;8m       [m[38;5;4m⠀⠀⠀⠀⠀⠀⠀⠀⠀⠀⠀⠀⠀⣀⣀⣀⣀⣀⣀⣀⣀⣀⣀⣀⣀⣀⣀⣀⣀⣼⣿⣄⣀⣀⣀⣠⣇⣠⣰⣀⣠⣄⣦⣀⣀⣀⣀⣦⣀⣠⣴⣼⣿⣄⣀⣀⣀⣠[m [m[38;5;8m┃[m
[m [m[38;5;8m┗━━━━━━━━━━━━━━━━━━━━━━━━━━━━━━━━━━━━━━━━━━━━━━━━━━━━━━━━━━━━━━━━━━┛[m [m[38;5;8m┗━━━━━━━━━━━━━━━━━━━━━━━━━━━━━━━━━━━━━━━━━━━━━━━━━━━━━━━━━━━━━━━━━━━┛[m
[m [m[38;5;8m┏━[m[1m cores [m[38;5;8m━━━━━━━━━━━━━━━━━━━━━━━━━━━━━━━━━━━━━━━━━━━━━━━━━━━━━━━━━━┓[m [m[38;5;8m┏━[m[1m power [m[38;5;8m━━━━━━━━━━━━━━━━━━━━━━━━━━━━━━━━━━━━━━━━━━━━━━━━━━[m [m[1m15.9 W[m [m[38;5;8m━┓[m
[m [m[38;5;8m┃[m [m[38;5;8mE1 [m[38;5;2m■■■■■■■■[m[38;5;8m··············[m  36%   [m[38;5;8mE2 [m[38;5;2m■■■■■[m[38;5;8m·················[m  22%  [m[38;5;8m┃[m [m[38;5;8m┃[m [m[38;5;8m system [m15.8[m[38;5;8m W  ·  GPU [m0.0[m[38;5;8m W[m                                      [m[38;5;8m┃[m
[m [m[38;5;8m┃[m [m[38;5;8mE3 [m[38;5;2m■■■[m[38;5;8m···················[m  14%   [m[38;5;8mE4 [m[38;5;2m■■[m[38;5;8m····················[m   9%  [m[38;5;8m┃[m [m[38;5;8m┃[m [m[38;5;8m 36.6W [m[38;5;5m⠀⠀⠀⠀⠀⠀⠀⠀⠀⠀⠀⠀⠀⠀⠀⠀⠀⠀⠀⠀⠀⠀⠀⠀⠀⠀⠀⠀⠀⠀⠀⠀⠀⠀⠀[m[38;5;8m⡄[m[38;5;5m⣤[m[38;5;8m⡀⢀⡀⢀⡀[m[38;5;5m⠀[m[38;5;8m⣄⣄⡄⢀⡀⢠⢠⢀[m[38;5;5m⣷[m[38;5;8m⣦[m[38;5;5m⣾[m[38;5;8m⣦⣤⡄⢠[m [m[38;5;8m┃[m
[m [m[38;5;8m┃[m [m[38;5;8mP1 [m[38;5;2m■■■■■■■■■■[m[38;5;8m············[m  45%   [m[38;5;8mP2 [m[38;5;2m■■■■■■■■[m[38;5;8m··············[m  36%  [m[38;5;8m┃[m [m[38;5;8m┃[m [m[38;5;8m       [m[38;5;5m⠀⠀⠀⠀⠀⠀⠀⠀⠀⠀⠀⠀⠀⣆⣠⣀⣠⣄⣠⣄⣀⣄⣤⣆⣠⣄⣰⣠⣠⣰⣶⣿⣦⣶⣄⣿⣿⣿⣿⣿⣿⣿⣿⣿⣿⣿⣿⣿⣿⣿⣿⣿⣿⣿⣿⣿[m[38;5;8m⣿⣿[m [m[38;5;8m┃[m
[m [m[38;5;8m┃[m [m[38;5;8mP3 [m[38;5;2m■■■■■■[m[38;5;8m················[m  29%   [m[38;5;8mP4 [m[38;5;2m■■■■■■■■[m[38;5;8m··············[m  36%  [m[38;5;8m┃[m [m[38;5;8m┃[m [m[38;5;8m       [m[38;5;5m⠀⠀⠀⠀⠀⠀⠀⠀⠀⠀⠀⠀⠀⣿⣿⣿⣿⣿⣿⣿⣿⣿⣿⣿⣿⣿⣿⣿⣿⣿⣿⣿⣿⣿⣿⣿⣿⣿⣿⣿⣿⣿⣿⣿⣿⣿⣿⣿⣿⣿⣿⣿⣿⣿⣿⣿⣿⣿[m [m[38;5;8m┃[m
[m [m[38;5;8m┃[m [m[38;5;8mP5 [m[38;5;2m■■■■■■[m[38;5;8m················[m  28%   [m[38;5;8mP6 [m[38;5;2m■■■■■[m[38;5;8m·················[m  23%  [m[38;5;8m┃[m [m[38;5;8m┃[m [m[38;5;8m       [m[38;5;5m⠀⠀⠀⠀⠀⠀⠀⠀⠀⠀⠀⠀⠀⣿⣿⣿⣿⣿⣿⣿⣿⣿⣿⣿⣿⣿⣿⣿⣿⣿⣿⣿⣿⣿⣿⣿⣿⣿⣿⣿⣿⣿⣿⣿⣿⣿⣿⣿⣿⣿⣿⣿⣿⣿⣿⣿⣿⣿[m [m[38;5;8m┃[m
[m [m[38;5;8m┗━━━━━━━━━━━━━━━━━━━━━━━━━━━━━━━━━━━━━━━━━━━━━━━━━━━━━━━━━━━━━━━━━━┛[m [m[38;5;8m┗━━━━━━━━━━━━━━━━━━━━━━━━━━━━━━━━━━━━━━━━━━━━━━━━━━━━━━━━━━━━━━━━━━━┛[m
[m [m[38;5;8m┏━[m[1m processes [m[38;5;8m━━━━━━━━━━━━━━━━━━━━━━━━━━━━━━━━━━━━━━━━━━━━━━━━━━━━━━━━━━━━━━━━━━━━━━━━━━━━━━┓[m [m[38;5;8m┏━[m[1m memory [m[38;5;8m━━━━━━━━━━━━━━━━━━━━━━━━━━━[m [m[1m 75%[m [m[38;5;8m━┓[m
[m [m[38;5;8m┃[m [m[1m PID     COMMAND                                  CPU%   GPU ms/s    MEM%        RSS[m     [m[38;5;8m┃[m [m[38;5;8m┃[m 12.0[m[38;5;8m / 16.0 GB[m          [m[38;5;8mswap 0.0 / 0.0 GB[m [m[38;5;8m┃[m
[m [m[38;5;8m┃[m [m[38;5;8m 900     [mreplayd                                 176.0        0.0[m[38;5;8m     0.1      10 MB[m     [m[38;5;8m┃[m [m[38;5;8m┃[m [m[38;5;3m■■■■■■■■■■■■■■■■■■■■■■■■■■■■■■■[m[38;5;8m··········[m [m[38;5;8m┃[m
[m [m[38;5;8m┃[m [m[38;5;8m 33239   [mmactop                                   15.7        0.0[m[38;5;8m     0.4      59 MB[m     [m[38;5;8m┃[m [m[38;5;8m┃[m [m[38;5;8m DRAM[m  ↓ 2.9  ↑ 0.5 GB/s                  [m[38;5;8m┃[m
[m [m[38;5;8m┃[m [m[38;5;8m 66522   [mmactop                                   14.2        0.0[m[38;5;8m     0.4      58 MB[m     [m[38;5;8m┃[m [m[38;5;8m┗━━━━━━━━━━━━━━━━━━━━━━━━━━━━━━━━━━━━━━━━━━━┛[m
[m [m[38;5;8m┃[m [m[38;5;8m 94736   [mmactop                                   14.1        0.0[m[38;5;8m     0.4      60 MB[m     [m[38;5;8m┃[m [m[38;5;8m┏━[m[1m sensors [m[38;5;8m━━━━━━━━━━━━━━━━━━━━━━━━━━━━━━━━━┓[m
[m [m[38;5;8m┃[m [m[38;5;8m 867     [mFinder                                    4.5        0.0[m[38;5;8m     0.3      41 MB[m     [m[38;5;8m┃[m [m[38;5;8m┃[m [m[38;5;8m CPU [m65°[m[38;5;8m   GPU [m58°                        [m[38;5;8m┃[m
[m [m[38;5;8m┃[m [m[38;5;8m 27755   [m2.1.283                                   3.9        0.0[m[38;5;8m     1.8     287 MB[m     [m[38;5;8m┃[m [m[38;5;8m┃[m [m[38;5;8m thermal [mNominal[m[38;5;8m   fan [m2321 rpm           [m[38;5;8m┃[m
[m [m[38;5;8m┃[m [m[38;5;8m 5221    [mmactop                                    3.3        0.0[m[38;5;8m     0.2      39 MB[m     [m[38;5;8m┃[m [m[38;5;8m┃[m [m[38;5;8m battery [m80%                              [m[38;5;8m┃[m
[m [m[38;5;8m┃[m [m[38;5;8m 33234   [mzsh                                       2.8        0.0[m[38;5;8m     0.0       3 MB[m     [m[38;5;8m┃[m [m[38;5;8m┗━━━━━━━━━━━━━━━━━━━━━━━━━━━━━━━━━━━━━━━━━━━┛[m
[m [m[38;5;8m┃[m [m[38;5;8m 10734   [mzsh                                       1.9        0.0[m[38;5;8m     0.0       7 MB[m     [m[38;5;8m┃[m [m[38;5;8m┏━[m[1m io [m[38;5;8m━━━━━━━━━━━━━━━━━━━━━━━━━━━━━━━━━━━━━━┓[m
[m [m[38;5;8m┃[m [m[38;5;8m 10730   [mTerminal                                  1.8       12.1[m[38;5;8m     0.6      91 MB[m     [m[38;5;8m┃[m [m[38;5;8m┃[m [m[38;5;8m NET  [m↓ 2.5 K/s  ↑ 2.5 K/s                [m[38;5;8m┃[m
[m [m[38;5;8m┃[m [m[38;5;8m 65500   [m2.1.283                                   1.1        0.0[m[38;5;8m     0.7     112 MB[m     [m[38;5;8m┃[m [m[38;5;8m┃[m [m[38;5;8m DISK [mr 213.3 K/s  w 20.0 K/s             [m[38;5;8m┃[m
[m [m[38;5;8m┃[m [m[38;5;8m 1066    [mlogioptionsplus_agent                     0.8        0.0[m[38;5;8m     0.5      83 MB[m     [m[38;5;8m┃[m [m[38;5;8m┃[m [m[38;5;8m Mac HD      [m[38;5;3m■■■■■■■■■■■■■■■■[m[38;5;8m·····[m  76%   [m[38;5;8m┃[m
[m [m[38;5;8m┃[m [m[38;5;8m 62772   [mCodex (Service)                           0.6        1.3[m[38;5;8m     0.7     112 MB[m     [m[38;5;8m┃[m [m[38;5;8m┗━━━━━━━━━━━━━━━━━━━━━━━━━━━━━━━━━━━━━━━━━━━┛[m
[m [m[38;5;8m┃[m [m[38;5;8m 1252    [mLogiPluginService                         0.5        0.0[m[38;5;8m     0.4      59 MB[m     [m[38;5;8m┃[m [m[38;5;8m┏━[m[1m cloudflare [m[38;5;8m━━━━━━━━━━━━━━━━━━━━[m [m[38;5;8m21h ago[m [m[38;5;8m━┓[m
[m [m[38;5;8m┃[m [m[38;5;8m 10755   [m2.1.283                                   0.4        0.0[m[38;5;8m     0.7     108 MB[m     [m[38;5;8m┃[m [m[38;5;8m┃[m [m[1m↓ 327[m[38;5;8m Mbps[m   [m[1m↑ 109[m[38;5;8m Mbps[m                   [m[38;5;8m┃[m
[m [m[38;5;8m┃[m [m[38;5;8m 28456   [mzellij                                    0.4        0.0[m[38;5;8m     0.1      11 MB[m     [m[38;5;8m┃[m [m[38;5;8m┃[m [m[38;5;8m ping [m313 ms[m[38;5;8m  jitter [m184 ms[m[38;5;8m  loss [m0%      [m[38;5;8m┃[m
[m [m[38;5;8m┃[m [m[38;5;8m 44846   [m2.1.283                                   0.4        0.0[m[38;5;8m     1.3     209 MB[m     [m[38;5;8m┃[m [m[38;5;8m┃[m  loaded ↓ 103 ↑ 86 ms   bloat A+  stable… [m[38;5;8m┃[m
[m [m[38;5;8m┗━━━━━━━━━━━━━━━━━━━━━━━━━━━━━━━━━━━━━━━━━━━━━━━━━━━━━━━━━━━━━━━━━━━━━━━━━━━━━━━━━━━━━━━━━━┛[m [m[38;5;8m┗━━━━━━━━━━━━━━━━━━━━━━━━━━━━━━━━━━━━━━━━━━━┛[m
