[m [m[1mApple M2 Pro[m                               [m[38;5;3m‖ paused   [m[38;5;8m◀ [m[38;5;3m▮▮▮[m[38;5;1m▲[m[38;5;3m▮▮▮▮▮▮▮▮▮▮▮▮▮▮[m[38;5;1m▲[m[38;5;3m▮▮▮▮▮[m[38;5;8m▯▯▯▯▯▯ ▶  t−24s  ·  2 alerts[m [m
[m [m[38;5;8m┏━[m[1m terrain · 3d [m[38;5;8m━━━━━━━━━━━━━━━━━━━━━━━━━━━━━━━━━━━━━━━━━━━━━━━━━━━━━━━━━━━━━━━━━━━━━━━━━━━━━━━━━━━━━[m[1;38;5;2m 32% [m[38;5;8m━┓[m [m
[m [m[38;5;8m┃[m                                                                                                          [m[38;5;8m┃[m [m
[m [m[38;5;8m┃[m                                                                                                          [m[38;5;8m┃[m [m
[m [m[38;5;8m┃[m                                                                                                          [m[38;5;8m┃[m [m
[m [m[38;5;8m┃[m                                                                                                          [m[38;5;8m┃[m [m
[m [m[38;5;8m┃[m                                                   [m[38;5;3m⡆[m   [m[38;5;2m⡀[m       [m[38;5;3m⣤[m                                          [m[38;5;8m┃[m [m
[m [m[38;5;8m┃[m                                                  [m[38;5;3m⢠⡇[m   [m[38;5;3m⣇[m   [m[38;5;2m⡄[m   [m[38;5;2m⣿[m[38;5;3m⡆⡄[m [m[38;5;3m⣶⢀[m  [m[38;5;2m⡀[m                                  [m[38;5;8m┃[m [m
[m [m[38;5;8m┃[m                            [m[38;5;3m⢠[m[38;5;1m⢢[m    [m[38;5;3m⣤[m[38;5;2m⡄[m[38;5;8m⣀⣀⣀[m[38;5;3m⢠[m[38;5;8m⣀⣀⣀⣀⣀[m[38;5;3m⡄[m[38;5;8m⣀⣀⣀⣀[m[38;5;3m⢸⡇[m[38;5;8m⣀⣀⣀[m[38;5;2m⢹[m[38;5;8m⣀⣀⣀[m[38;5;3m⢷[m[38;5;2m⡀[m[38;5;8m⣀[m[38;5;2m⢰[m[38;5;3m⢸⣇⣷[m[38;5;2m⢀⢿⢸⢸ ⣻[m[38;5;3m⢠⡀⡄[m                               [m[38;5;8m┃[m [m
[m [m[38;5;8m┃[m                        [m[38;5;1m⢀⣆[m   [m[38;5;3m⡇[m[38;5;1m⣆[m[38;5;2m⢰⢀⡞[m[38;5;3m⢳[m[38;5;1m⡇[m[38;5;8m⠤[m[38;5;1m⣰[m[38;5;2m⢠[m[38;5;3m⠞⡇[m[38;5;8m⠤⠤[m[38;5;1m⣠[m[38;5;8m⠤[m[38;5;3m⣷[m[38;5;8m⠤⠤⠤⠤[m[38;5;2m⣸[m[38;5;3m⡇[m[38;5;8m⠤⠤⠤[m[38;5;3m⣸[m[38;5;8m⠤⠤⠤[m[38;5;2m⢸⡇[m[38;5;8m⠤[m[38;5;2m⢸[m[38;5;3m⡆[m[38;5;2m⣿⢸⢼[m[38;5;3m⡜⡎[m[38;5;2m⡼⣵⢸⢊⠇⡇[m[38;5;3m⡄[m                              [m[38;5;8m┃[m [m
[m [m[38;5;8m┃[m                        [m[38;5;3m⡟[m[38;5;1m⣿⡀[m  [m[38;5;3m⡇[m[38;5;1m⢹⡾[m[38;5;2m⡟⠁[m[38;5;3m⢸[m[38;5;1m⢸[m[38;5;8m⠒[m[38;5;1m⣿⡏[m[38;5;2m ⣿[m[38;5;8m⠒[m[38;5;2m⣴[m[38;5;3m⢿[m[38;5;1m⡆[m[38;5;2m⣿⢀⡇[m[38;5;8m⠒⠒[m[38;5;3m⣿⡇[m[38;5;8m⠒⠒⠒[m[38;5;2m⣿[m[38;5;3m⡀[m[38;5;8m⠒⠒[m[38;5;2m⣼⣷[m[38;5;8m⠒[m[38;5;2m⠈⡇[m[38;5;3m⢸⢼⢞⡇⡏⡟⡏⡏[m[38;5;2m⢸⢸⡁⡇⡀[m [m[38;5;3m⢀[m                           [m[38;5;8m┃[m [m
[m [m[38;5;8m┃[m                      [m[38;5;1m▲[m [m[38;5;3m⢇[m[38;5;1m⢻⢳[m[38;5;3m⡄[m [m[38;5;2m⡇[m[38;5;3m⢸[m[38;5;1m⢱[m[38;5;2m⣷ ⢸[m[38;5;1m⠘[m[38;5;3m⣼⣿[m[38;5;2m⣧[m[38;5;8m⠒[m[38;5;2m⣿⣰⡇[m[38;5;3m⢸[m[38;5;1m⣧[m[38;5;2m⡟[m[38;5;3m⣼[m[38;5;2m⠁[m[38;5;8m⠒⠒[m[38;5;2m⣿[m[38;5;3m⡇[m[38;5;8m⠒⠒⠒[m[38;5;2m⣿[m[38;5;3m⡇[m[38;5;8m⠒⠒[m[38;5;3m⢿[m[38;5;2m⢿[m[38;5;3m⡇[m[38;5;2m⡆ [m[38;5;3m⡆⡌⡎[m[38;5;2m⣁⢁⠃⡟[m[38;5;3m⡣⡆[m[38;5;2m⣸⢁⠧⢳[m[38;5;3m⢀⡞[m                           [m[38;5;8m┃[m [m
[m [m[38;5;8m┃[m                        [m[38;5;2m⢸[m[38;5;1m⠘⡆[m[38;5;3m⠸⣰[m[38;5;2m⠃[m[38;5;3m ⡏[m[38;5;1m⣇[m[38;5;3m⡆[m[38;5;2m⢸[m[38;5;3m ⠃⢹[m[38;5;1m⡟[m[38;5;3m⡄[m[38;5;2m⡇[m[38;5;3m⡟[m[38;5;8m⠤[m[38;5;3m⢸[m[38;5;1m⣿[m[38;5;2m⡇[m[38;5;3m⡏[m[38;5;8m⠤⠤[m[38;5;3m⢰[m[38;5;2m⣿[m[38;5;3m⠁[m[38;5;8m⠤⠤⠤[m[38;5;2m⢸[m[38;5;3m⡇[m[38;5;8m⠤⠤[m[38;5;3m ⠈[m[38;5;2m⣿⠃[m[38;5;8m⠤[m[38;5;3m⠃[m[38;5;2m⡇⡇[m[38;5;3m⠿[m[38;5;2m⡜⢸ [m[38;5;3m⡇⡄⡏[m[38;5;2m⢸ ⡇ [m[38;5;3m⡇⣆[m                          [m[38;5;8m┃[m [m
[m [m[38;5;8m┃[m                        [m[38;5;2m⠘⡄[m[38;5;1m⠁ [m[38;5;3m⠋[m[38;5;2m [m[38;5;3m [m[38;5;2m⡇[m[38;5;1m⠹[m[38;5;3m⢰[m[38;5;2m⢸ [m[38;5;1m [m[38;5;2m⢸[m[38;5;1m⢷[m[38;5;3m⡇[m[38;5;2m⡇ [m[38;5;8m⣀[m[38;5;2m⢸[m[38;5;1m⢻[m[38;5;2m⡇[m[38;5;3m⠁[m[38;5;8m⣀⣀[m[38;5;3m⢸[m[38;5;2m⣿[m[38;5;8m⣀⣀⣀⣀[m[38;5;3m⠈⣿[m[38;5;8m⣀⣀⣀[m[38;5;2m ⢹⡄[m[38;5;8m⣀[m[38;5;2m  ⠁ [m[38;5;3m⡇[m[38;5;2m⠸⠠[m[38;5;3m⠇⡗⢰⠧[m[38;5;2m⢰[m[38;5;3m⡥[m[38;5;2m⢸ ⢅⠇⢠[m                        [m[38;5;8m┃[m [m
[m [m[38;5;8m┃[m                        [m[38;5;2m⡖[m[38;5;3m⠇[m[38;5;1m [m[38;5;3m  [m[38;5;2m [m[38;5;3m [m[38;5;2m⣱[m[38;5;1m  [m[38;5;2m⠃ [m [m[38;5;2m⠸⡘[m[38;5;3m⢱[m[38;5;2m⠃[m  [m[38;5;2m⢸[m[38;5;1m⠸[m[38;5;2m⡇[m   [m[38;5;2m⢸[m[38;5;1m⣿[m    [m[38;5;3m ⣿[m   [m[38;5;2m⢰⢸⣽[m[38;5;3m⡄[m [m[38;5;2m⠸[m[38;5;3m⢰[m[38;5;2m⢸[m[38;5;3m [m[38;5;2m⡎⢸⢀[m[38;5;3m⠃[m[38;5;2m⢸[m[38;5;3m⠠[m[38;5;2m⢸[m[38;5;3m⠁⢼ [m[38;5;2m⢸[m[38;5;3m⢀[m[38;5;2m⠘⡄[m                       [m[38;5;8m┃[m [m
[m [m[38;5;8m┃[m                       [m[38;5;2m⡴⡇[m[38;5;3m  [m[38;5;1m  [m[38;5;2m ⠘⡝[m[38;5;3m [m[38;5;2m [m[38;5;3m [m[38;5;8m⠒⠒[m[38;5;2m⡤⡇[m[38;5;1m [m[38;5;8m⠒⠒⠒[m[38;5;2m⢠⡇⠁[m[38;5;8m⠒⠒⠒[m[38;5;2m⢸[m[38;5;1m⡏[m[38;5;8m⠒⠒⠒⠒[m[38;5;2m ⢻[m[38;5;8m⠒⠒⠒[m[38;5;2m⠘[m[38;5;3m ⡃[m[38;5;2m⡇[m[38;5;8m⠒⠒[m[38;5;3m [m[38;5;2m⢸⠇[m[38;5;3m⣇[m[38;5;2m⢸[m[38;5;3m⠸ [m[38;5;2m⡎[m[38;5;3m⡄[m[38;5;2m⡸ ⡇ ⡇⡈⢰⠁[m[38;5;3m⠠[m[38;5;2m⢸[m                     [m[38;5;8m┃[m [m
[m [m[38;5;8m┃[m                       [m[38;5;2m⡇   [m[38;5;1m  [m [m[38;5;2m⣠⠃ [m[38;5;1m [m   [m[38;5;2m⢇ [m[38;5;1m [m   [m[38;5;2m⢸⠇[m    [m[38;5;2m⢸⡇[m    [m[38;5;2m ⢸[m    [m[38;5;2m ⡇[m[38;5;3m⡗[m[38;5;2m⡄[m [m[38;5;3m ⢸[m[38;5;2m⢠[m[38;5;3m⠋[m[38;5;2m⡸[m[38;5;3m⠈[m[38;5;2m⡀[m[38;5;3m⣇[m[38;5;2m ⡇[m[38;5;3m⠄⡠[m[38;5;2m⢰[m[38;5;3m⢹[m[38;5;2m⠁⡎[m[38;5;3m⢀ [m[38;5;2m⡇[m                     [m[38;5;8m┃[m [m
[m [m[38;5;8m┃[m                   [m[38;5;2m⢠[m[38;5;3m⡀[m[38;5;2m⡤⡔⠁  [m[38;5;3m [m[38;5;1m [m[38;5;8m⠉⠉[m[38;5;2m⡇  [m[38;5;8m⠉⠉⠉⠉[m[38;5;2m⡟ [m[38;5;8m⠉⠉⠉⠉[m[38;5;2m⢸ [m[38;5;8m⠉⠉⠉⠉[m[38;5;2m⢸⡇[m[38;5;8m⠉⠉⠉⠉⠉[m[38;5;2m⣾[m[38;5;8m⠉⠉⠉⠉[m[38;5;2m ⢁⢳⠇[m[38;5;8m⠉⠉[m[38;5;3m [m[38;5;2m⢸[m[38;5;3m⠇[m[38;5;2m⡇[m[38;5;3m ⡇⠉[m[38;5;2m⢠[m[38;5;3m⢃[m[38;5;2m ⡇⡘⠎⢀⠇[m[38;5;3m⡄[m[38;5;2m⢸[m [m[38;5;3m [m[38;5;2m⢰[m                   [m[38;5;8m┃[m [m
[m [m[38;5;8m┃[m        [m[38;5;1m▲[m          [m[38;5;2m⢇[m[38;5;3m⠑[m[38;5;2m⠃    [m[38;5;3m [m[38;5;2m⣦⢠⣠⠇ [m   [m[38;5;2m⢀⢀⠇[m     [m[38;5;2m⢸[m     [m[38;5;2m⢸⡇[m     [m[38;5;2m⣿[m     [m[38;5;2m⢸⢸[m    [m[38;5;3m⠸[m[38;5;2m⢠[m[38;5;3m⠃⢰⠁[m [m[38;5;2m⢸[m[38;5;3m [m[38;5;2m⢸[m[38;5;3m ⠁⡔[m[38;5;2m⢸[m[38;5;3m⠰[m[38;5;2m ⡎[m[38;5;3m⢀[m[38;5;2m⠆⢠⠃[m                  [m[38;5;8m┃[m [m
[m [m[38;5;8m┃[m                   [m[38;5;2m⠘⡄[m[38;5;3m [m[38;5;2m   [m[38;5;8m⠒⠒[m[38;5;2m⢇⠻⠈  [m[38;5;8m⠒⠒⠒[m[38;5;2m⣿⢾ [m[38;5;8m⠒⠒⠒⠒[m[38;5;2m⣰⡞[m[38;5;8m⠒⠒⠒⠒⠒[m[38;5;2m⢸⠁[m[38;5;8m⠒⠒⠒⠒⠒[m[38;5;2m⣿[m[38;5;8m⠒⠒⠒⠒⠒[m[38;5;2m⢸⢸[m[38;5;8m⠒⠒⠒⠒[m[38;5;3m [m[38;5;2m⢸[m[38;5;3m⡄⡸[m[38;5;8m⠒⠒[m[38;5;2m  ⡎[m[38;5;3m⠄⢠⠃[m[38;5;8m⠒[m[38;5;3m [m[38;5;2m⢰⠁⠂ ⡎[m                   [m[38;5;8m┃[m [m
[m [m[38;5;8m┃[m                   [m[38;5;8m⢀[m[38;5;2m⢱   [m   [m[38;5;2m⠸⡀  [m    [m[38;5;2m⡟ [m     [m[38;5;2m⣿⠃[m     [m[38;5;2m⢸[m      [m[38;5;2m⢸[m     [m[38;5;2m⠈⡎[m     [m[38;5;3m⠈ ⡇[m   [m[38;5;2m [m[38;5;3m⠷ ⡜[m   [m[38;5;2m⠸[m[38;5;3m⡜[m[38;5;2m ⢰⠁[m                   [m[38;5;8m┃[m [m
[m [m[38;5;8m┃[m                  [m[38;5;8m⢠⠊[m [m[38;5;2m⢇[m[38;5;3m [m     [m[38;5;2m⢇ [m     [m[38;5;2m⢱[m      [m[38;5;2m⢣[m      [m[38;5;2m⢸[m      [m[38;5;2m⢸[m      [m[38;5;2m⢧[m      [m[38;5;3m⢰⠁[m    [m[38;5;3m ⢠⠃[m    [m[38;5;2m ⢀⠇[m[38;5;8m⠈⢢[m                  [m[38;5;8m┃[m [m
[m [m[38;5;8m┃[m                  [m[38;5;8m⠉⠉⠉[m[38;5;2m⠈[m[38;5;8m⠉⠉⠉⠉⠉⠉[m[38;5;2m⠈[m[38;5;8m⠉⠉⠉⠉⠉⠉[m[38;5;2m⠈[m[38;5;8m⠉⠉⠉⠉⠉⠉[m[38;5;2m⠈[m[38;5;8m⠉⠉⠉⠉⠉⠉[m[38;5;2m⠈[m[38;5;8m⠉⠉⠉⠉⠉⠉[m[38;5;2m⠈[m[38;5;8m⠉⠉⠉⠉⠉⠉[m[38;5;2m⠈[m[38;5;8m⠉⠉⠉⠉⠉⠉[m[38;5;3m⠈[m[38;5;8m⠉⠉⠉⠉⠉⠉[m[38;5;3m⠈[m[38;5;8m⠉⠉⠉⠉⠉⠉[m[38;5;2m⠈[m[38;5;8m⠉⠉⠉⠁[m                 [m[38;5;8m┃[m [m
[m [m[38;5;8m┃[m                  [m[38;5;8mE1[m      [m[38;5;8mE2[m     [m[38;5;8mE3[m      [m[38;5;8mE4[m     [m[38;5;8mP1[m      [m[38;5;8mP2[m     [m[38;5;8mP3[m      [m[38;5;8mP4[m     [m[38;5;8mP5[m      [m[38;5;8mP6[m                  [m[38;5;8m┃[m [m
[m [m[38;5;8m┃[m                                                                                                          [m[38;5;8m┃[m [m
[m [m[38;5;8m┃[m                                                                                                          [m[38;5;8m┃[m [m
[m [m[38;5;8m┃[m                                                                                                          [m[38;5;8m┃[m [m
[m [m[38;5;8m┃[m                                                                                                          [m[38;5;8m┃[m [m
[m [m[38;5;8m┃[m                                                                                                          [m[38;5;8m┃[m [m
[m [m[38;5;8m┃[m                                                                                                          [m[38;5;8m┃[m [m
[m [m[38;5;8m┃[m                                                                                                          [m[38;5;8m┃[m [m
[m [m[38;5;8m┃[m                                                                                                          [m[38;5;8m┃[m [m
[m [m[38;5;8m┗━━━━━━━━━━━━━━━━━━━━━━━━━━━━━━━━━━━━━━━━━━━━━━━━━━━━━━━━━━━━━━━━━━━━━━━━━━━━━━━━━━━━━━━━━━━━━━━━━━━━━━━━━━┛[m [m
[m [m[38;5;8m ←/→ rotate · ↑/↓ tilt · space pause · [ ] step · { } ±30 · a spin · q quit[m                  [m[38;5;8mhistory 90/400 [m [m
